[2026-02-17T23:06:43.585+0000] {processor.py:161} INFO - Started process (PID=183) to work on /opt/airflow/dags/lakehouse_bsg_dag.py
[2026-02-17T23:06:43.589+0000] {processor.py:830} INFO - Processing file /opt/airflow/dags/lakehouse_bsg_dag.py for tasks to queue
[2026-02-17T23:06:43.618+0000] {logging_mixin.py:188} INFO - [2026-02-17T23:06:43.611+0000] {dagbag.py:545} INFO - Filling up the DagBag from /opt/airflow/dags/lakehouse_bsg_dag.py
[2026-02-17T23:06:43.892+0000] {processor.py:840} INFO - DAG(s) 'lakehouse_bronze_silver_gold' retrieved from /opt/airflow/dags/lakehouse_bsg_dag.py
[2026-02-17T23:06:55.275+0000] {processor.py:161} INFO - Started process (PID=176) to work on /opt/airflow/dags/lakehouse_bsg_dag.py
[2026-02-17T23:06:55.277+0000] {processor.py:830} INFO - Processing file /opt/airflow/dags/lakehouse_bsg_dag.py for tasks to queue
[2026-02-17T23:06:55.282+0000] {logging_mixin.py:188} INFO - [2026-02-17T23:06:55.281+0000] {dagbag.py:545} INFO - Filling up the DagBag from /opt/airflow/dags/lakehouse_bsg_dag.py
[2026-02-17T23:06:55.302+0000] {processor.py:840} INFO - DAG(s) 'lakehouse_bronze_silver_gold' retrieved from /opt/airflow/dags/lakehouse_bsg_dag.py
[2026-02-17T23:06:55.447+0000] {logging_mixin.py:188} INFO - [2026-02-17T23:06:55.446+0000] {override.py:1858} INFO - Created Permission View: can read on DAG:lakehouse_bronze_silver_gold
[2026-02-17T23:06:55.455+0000] {logging_mixin.py:188} INFO - [2026-02-17T23:06:55.454+0000] {override.py:1858} INFO - Created Permission View: can delete on DAG:lakehouse_bronze_silver_gold
[2026-02-17T23:06:55.459+0000] {logging_mixin.py:188} INFO - [2026-02-17T23:06:55.459+0000] {override.py:1858} INFO - Created Permission View: can edit on DAG:lakehouse_bronze_silver_gold
[2026-02-17T23:06:55.459+0000] {logging_mixin.py:188} INFO - [2026-02-17T23:06:55.459+0000] {dag.py:3089} INFO - Sync 1 DAGs
[2026-02-17T23:06:55.468+0000] {logging_mixin.py:188} INFO - [2026-02-17T23:06:55.468+0000] {dag.py:3111} INFO - Creating ORM DAG for lakehouse_bronze_silver_gold
[2026-02-17T23:06:55.469+0000] {logging_mixin.py:188} INFO - [2026-02-17T23:06:55.469+0000] {dag.py:3947} INFO - Setting next_dagrun for lakehouse_bronze_silver_gold to None, run_after=None
[2026-02-17T23:06:55.487+0000] {processor.py:183} INFO - Processing /opt/airflow/dags/lakehouse_bsg_dag.py took 0.220 seconds
[2026-02-17T23:07:26.205+0000] {processor.py:161} INFO - Started process (PID=181) to work on /opt/airflow/dags/lakehouse_bsg_dag.py
[2026-02-17T23:07:26.207+0000] {processor.py:830} INFO - Processing file /opt/airflow/dags/lakehouse_bsg_dag.py for tasks to queue
[2026-02-17T23:07:26.209+0000] {logging_mixin.py:188} INFO - [2026-02-17T23:07:26.209+0000] {dagbag.py:545} INFO - Filling up the DagBag from /opt/airflow/dags/lakehouse_bsg_dag.py
[2026-02-17T23:07:26.229+0000] {processor.py:840} INFO - DAG(s) 'lakehouse_bronze_silver_gold' retrieved from /opt/airflow/dags/lakehouse_bsg_dag.py
[2026-02-17T23:07:26.258+0000] {logging_mixin.py:188} INFO - [2026-02-17T23:07:26.258+0000] {dag.py:3089} INFO - Sync 1 DAGs
[2026-02-17T23:07:26.270+0000] {logging_mixin.py:188} INFO - [2026-02-17T23:07:26.269+0000] {dag.py:3947} INFO - Setting next_dagrun for lakehouse_bronze_silver_gold to None, run_after=None
[2026-02-17T23:07:26.298+0000] {processor.py:183} INFO - Processing /opt/airflow/dags/lakehouse_bsg_dag.py took 0.099 seconds
[2026-02-17T23:07:57.082+0000] {processor.py:161} INFO - Started process (PID=186) to work on /opt/airflow/dags/lakehouse_bsg_dag.py
[2026-02-17T23:07:57.083+0000] {processor.py:830} INFO - Processing file /opt/airflow/dags/lakehouse_bsg_dag.py for tasks to queue
[2026-02-17T23:07:57.085+0000] {logging_mixin.py:188} INFO - [2026-02-17T23:07:57.085+0000] {dagbag.py:545} INFO - Filling up the DagBag from /opt/airflow/dags/lakehouse_bsg_dag.py
[2026-02-17T23:07:57.100+0000] {processor.py:840} INFO - DAG(s) 'lakehouse_bronze_silver_gold' retrieved from /opt/airflow/dags/lakehouse_bsg_dag.py
[2026-02-17T23:07:57.125+0000] {logging_mixin.py:188} INFO - [2026-02-17T23:07:57.125+0000] {dag.py:3089} INFO - Sync 1 DAGs
[2026-02-17T23:07:57.137+0000] {logging_mixin.py:188} INFO - [2026-02-17T23:07:57.137+0000] {dag.py:3947} INFO - Setting next_dagrun for lakehouse_bronze_silver_gold to None, run_after=None
[2026-02-17T23:07:57.155+0000] {processor.py:183} INFO - Processing /opt/airflow/dags/lakehouse_bsg_dag.py took 0.077 seconds
[2026-02-17T23:08:27.956+0000] {processor.py:161} INFO - Started process (PID=191) to work on /opt/airflow/dags/lakehouse_bsg_dag.py
[2026-02-17T23:08:27.957+0000] {processor.py:830} INFO - Processing file /opt/airflow/dags/lakehouse_bsg_dag.py for tasks to queue
[2026-02-17T23:08:27.959+0000] {logging_mixin.py:188} INFO - [2026-02-17T23:08:27.959+0000] {dagbag.py:545} INFO - Filling up the DagBag from /opt/airflow/dags/lakehouse_bsg_dag.py
[2026-02-17T23:08:27.975+0000] {processor.py:840} INFO - DAG(s) 'lakehouse_bronze_silver_gold' retrieved from /opt/airflow/dags/lakehouse_bsg_dag.py
[2026-02-17T23:08:28.000+0000] {logging_mixin.py:188} INFO - [2026-02-17T23:08:28.000+0000] {dag.py:3089} INFO - Sync 1 DAGs
[2026-02-17T23:08:28.013+0000] {logging_mixin.py:188} INFO - [2026-02-17T23:08:28.012+0000] {dag.py:3947} INFO - Setting next_dagrun for lakehouse_bronze_silver_gold to None, run_after=None
[2026-02-17T23:08:28.031+0000] {processor.py:183} INFO - Processing /opt/airflow/dags/lakehouse_bsg_dag.py took 0.078 seconds
[2026-02-17T23:08:58.952+0000] {processor.py:161} INFO - Started process (PID=196) to work on /opt/airflow/dags/lakehouse_bsg_dag.py
[2026-02-17T23:08:58.953+0000] {processor.py:830} INFO - Processing file /opt/airflow/dags/lakehouse_bsg_dag.py for tasks to queue
[2026-02-17T23:08:58.955+0000] {logging_mixin.py:188} INFO - [2026-02-17T23:08:58.955+0000] {dagbag.py:545} INFO - Filling up the DagBag from /opt/airflow/dags/lakehouse_bsg_dag.py
[2026-02-17T23:08:58.972+0000] {processor.py:840} INFO - DAG(s) 'lakehouse_bronze_silver_gold' retrieved from /opt/airflow/dags/lakehouse_bsg_dag.py
[2026-02-17T23:08:58.998+0000] {logging_mixin.py:188} INFO - [2026-02-17T23:08:58.998+0000] {dag.py:3089} INFO - Sync 1 DAGs
[2026-02-17T23:08:59.008+0000] {logging_mixin.py:188} INFO - [2026-02-17T23:08:59.008+0000] {dag.py:3947} INFO - Setting next_dagrun for lakehouse_bronze_silver_gold to None, run_after=None
[2026-02-17T23:08:59.023+0000] {processor.py:183} INFO - Processing /opt/airflow/dags/lakehouse_bsg_dag.py took 0.075 seconds
[2026-02-17T23:09:29.844+0000] {processor.py:161} INFO - Started process (PID=201) to work on /opt/airflow/dags/lakehouse_bsg_dag.py
[2026-02-17T23:09:29.845+0000] {processor.py:830} INFO - Processing file /opt/airflow/dags/lakehouse_bsg_dag.py for tasks to queue
[2026-02-17T23:09:29.847+0000] {logging_mixin.py:188} INFO - [2026-02-17T23:09:29.847+0000] {dagbag.py:545} INFO - Filling up the DagBag from /opt/airflow/dags/lakehouse_bsg_dag.py
[2026-02-17T23:09:29.863+0000] {processor.py:840} INFO - DAG(s) 'lakehouse_bronze_silver_gold' retrieved from /opt/airflow/dags/lakehouse_bsg_dag.py
[2026-02-17T23:09:29.886+0000] {logging_mixin.py:188} INFO - [2026-02-17T23:09:29.886+0000] {dag.py:3089} INFO - Sync 1 DAGs
[2026-02-17T23:09:29.895+0000] {logging_mixin.py:188} INFO - [2026-02-17T23:09:29.895+0000] {dag.py:3947} INFO - Setting next_dagrun for lakehouse_bronze_silver_gold to None, run_after=None
[2026-02-17T23:09:29.910+0000] {processor.py:183} INFO - Processing /opt/airflow/dags/lakehouse_bsg_dag.py took 0.070 seconds
[2026-02-17T23:10:00.790+0000] {processor.py:161} INFO - Started process (PID=206) to work on /opt/airflow/dags/lakehouse_bsg_dag.py
[2026-02-17T23:10:00.792+0000] {processor.py:830} INFO - Processing file /opt/airflow/dags/lakehouse_bsg_dag.py for tasks to queue
[2026-02-17T23:10:00.794+0000] {logging_mixin.py:188} INFO - [2026-02-17T23:10:00.794+0000] {dagbag.py:545} INFO - Filling up the DagBag from /opt/airflow/dags/lakehouse_bsg_dag.py
[2026-02-17T23:10:00.826+0000] {processor.py:840} INFO - DAG(s) 'lakehouse_bronze_silver_gold' retrieved from /opt/airflow/dags/lakehouse_bsg_dag.py
[2026-02-17T23:10:00.859+0000] {logging_mixin.py:188} INFO - [2026-02-17T23:10:00.859+0000] {dag.py:3089} INFO - Sync 1 DAGs
[2026-02-17T23:10:00.872+0000] {logging_mixin.py:188} INFO - [2026-02-17T23:10:00.872+0000] {dag.py:3947} INFO - Setting next_dagrun for lakehouse_bronze_silver_gold to None, run_after=None
[2026-02-17T23:10:00.890+0000] {processor.py:183} INFO - Processing /opt/airflow/dags/lakehouse_bsg_dag.py took 0.104 seconds
[2026-02-17T23:10:31.671+0000] {processor.py:161} INFO - Started process (PID=211) to work on /opt/airflow/dags/lakehouse_bsg_dag.py
[2026-02-17T23:10:31.672+0000] {processor.py:830} INFO - Processing file /opt/airflow/dags/lakehouse_bsg_dag.py for tasks to queue
[2026-02-17T23:10:31.674+0000] {logging_mixin.py:188} INFO - [2026-02-17T23:10:31.673+0000] {dagbag.py:545} INFO - Filling up the DagBag from /opt/airflow/dags/lakehouse_bsg_dag.py
[2026-02-17T23:10:31.709+0000] {processor.py:840} INFO - DAG(s) 'lakehouse_bronze_silver_gold' retrieved from /opt/airflow/dags/lakehouse_bsg_dag.py
[2026-02-17T23:10:31.736+0000] {logging_mixin.py:188} INFO - [2026-02-17T23:10:31.736+0000] {dag.py:3089} INFO - Sync 1 DAGs
[2026-02-17T23:10:31.746+0000] {logging_mixin.py:188} INFO - [2026-02-17T23:10:31.746+0000] {dag.py:3947} INFO - Setting next_dagrun for lakehouse_bronze_silver_gold to None, run_after=None
[2026-02-17T23:10:31.771+0000] {processor.py:183} INFO - Processing /opt/airflow/dags/lakehouse_bsg_dag.py took 0.105 seconds
[2026-02-17T23:11:02.660+0000] {processor.py:161} INFO - Started process (PID=216) to work on /opt/airflow/dags/lakehouse_bsg_dag.py
[2026-02-17T23:11:02.661+0000] {processor.py:830} INFO - Processing file /opt/airflow/dags/lakehouse_bsg_dag.py for tasks to queue
[2026-02-17T23:11:02.662+0000] {logging_mixin.py:188} INFO - [2026-02-17T23:11:02.662+0000] {dagbag.py:545} INFO - Filling up the DagBag from /opt/airflow/dags/lakehouse_bsg_dag.py
[2026-02-17T23:11:02.679+0000] {processor.py:840} INFO - DAG(s) 'lakehouse_bronze_silver_gold' retrieved from /opt/airflow/dags/lakehouse_bsg_dag.py
[2026-02-17T23:11:02.702+0000] {logging_mixin.py:188} INFO - [2026-02-17T23:11:02.702+0000] {dag.py:3089} INFO - Sync 1 DAGs
[2026-02-17T23:11:02.712+0000] {logging_mixin.py:188} INFO - [2026-02-17T23:11:02.712+0000] {dag.py:3947} INFO - Setting next_dagrun for lakehouse_bronze_silver_gold to None, run_after=None
[2026-02-17T23:11:02.726+0000] {processor.py:183} INFO - Processing /opt/airflow/dags/lakehouse_bsg_dag.py took 0.070 seconds
[2026-02-17T23:11:33.552+0000] {processor.py:161} INFO - Started process (PID=221) to work on /opt/airflow/dags/lakehouse_bsg_dag.py
[2026-02-17T23:11:33.553+0000] {processor.py:830} INFO - Processing file /opt/airflow/dags/lakehouse_bsg_dag.py for tasks to queue
[2026-02-17T23:11:33.555+0000] {logging_mixin.py:188} INFO - [2026-02-17T23:11:33.555+0000] {dagbag.py:545} INFO - Filling up the DagBag from /opt/airflow/dags/lakehouse_bsg_dag.py
[2026-02-17T23:11:33.571+0000] {processor.py:840} INFO - DAG(s) 'lakehouse_bronze_silver_gold' retrieved from /opt/airflow/dags/lakehouse_bsg_dag.py
[2026-02-17T23:11:33.597+0000] {logging_mixin.py:188} INFO - [2026-02-17T23:11:33.597+0000] {dag.py:3089} INFO - Sync 1 DAGs
[2026-02-17T23:11:33.609+0000] {logging_mixin.py:188} INFO - [2026-02-17T23:11:33.609+0000] {dag.py:3947} INFO - Setting next_dagrun for lakehouse_bronze_silver_gold to None, run_after=None
[2026-02-17T23:11:33.623+0000] {processor.py:183} INFO - Processing /opt/airflow/dags/lakehouse_bsg_dag.py took 0.075 seconds
[2026-02-17T23:12:04.533+0000] {processor.py:161} INFO - Started process (PID=226) to work on /opt/airflow/dags/lakehouse_bsg_dag.py
[2026-02-17T23:12:04.534+0000] {processor.py:830} INFO - Processing file /opt/airflow/dags/lakehouse_bsg_dag.py for tasks to queue
[2026-02-17T23:12:04.536+0000] {logging_mixin.py:188} INFO - [2026-02-17T23:12:04.536+0000] {dagbag.py:545} INFO - Filling up the DagBag from /opt/airflow/dags/lakehouse_bsg_dag.py
[2026-02-17T23:12:04.556+0000] {processor.py:840} INFO - DAG(s) 'lakehouse_bronze_silver_gold' retrieved from /opt/airflow/dags/lakehouse_bsg_dag.py
[2026-02-17T23:12:04.582+0000] {logging_mixin.py:188} INFO - [2026-02-17T23:12:04.582+0000] {dag.py:3089} INFO - Sync 1 DAGs
[2026-02-17T23:12:04.594+0000] {logging_mixin.py:188} INFO - [2026-02-17T23:12:04.594+0000] {dag.py:3947} INFO - Setting next_dagrun for lakehouse_bronze_silver_gold to None, run_after=None
[2026-02-17T23:12:04.619+0000] {processor.py:183} INFO - Processing /opt/airflow/dags/lakehouse_bsg_dag.py took 0.091 seconds
[2026-02-17T23:12:35.412+0000] {processor.py:161} INFO - Started process (PID=231) to work on /opt/airflow/dags/lakehouse_bsg_dag.py
[2026-02-17T23:12:35.413+0000] {processor.py:830} INFO - Processing file /opt/airflow/dags/lakehouse_bsg_dag.py for tasks to queue
[2026-02-17T23:12:35.415+0000] {logging_mixin.py:188} INFO - [2026-02-17T23:12:35.414+0000] {dagbag.py:545} INFO - Filling up the DagBag from /opt/airflow/dags/lakehouse_bsg_dag.py
[2026-02-17T23:12:35.429+0000] {processor.py:840} INFO - DAG(s) 'lakehouse_bronze_silver_gold' retrieved from /opt/airflow/dags/lakehouse_bsg_dag.py
[2026-02-17T23:12:35.454+0000] {logging_mixin.py:188} INFO - [2026-02-17T23:12:35.454+0000] {dag.py:3089} INFO - Sync 1 DAGs
[2026-02-17T23:12:35.464+0000] {logging_mixin.py:188} INFO - [2026-02-17T23:12:35.464+0000] {dag.py:3947} INFO - Setting next_dagrun for lakehouse_bronze_silver_gold to None, run_after=None
[2026-02-17T23:12:35.481+0000] {processor.py:183} INFO - Processing /opt/airflow/dags/lakehouse_bsg_dag.py took 0.073 seconds
[2026-02-17T23:13:06.442+0000] {processor.py:161} INFO - Started process (PID=236) to work on /opt/airflow/dags/lakehouse_bsg_dag.py
[2026-02-17T23:13:06.445+0000] {processor.py:830} INFO - Processing file /opt/airflow/dags/lakehouse_bsg_dag.py for tasks to queue
[2026-02-17T23:13:06.452+0000] {logging_mixin.py:188} INFO - [2026-02-17T23:13:06.451+0000] {dagbag.py:545} INFO - Filling up the DagBag from /opt/airflow/dags/lakehouse_bsg_dag.py
[2026-02-17T23:13:06.513+0000] {processor.py:840} INFO - DAG(s) 'lakehouse_bronze_silver_gold' retrieved from /opt/airflow/dags/lakehouse_bsg_dag.py
[2026-02-17T23:13:06.572+0000] {logging_mixin.py:188} INFO - [2026-02-17T23:13:06.571+0000] {dag.py:3089} INFO - Sync 1 DAGs
[2026-02-17T23:13:06.599+0000] {logging_mixin.py:188} INFO - [2026-02-17T23:13:06.598+0000] {dag.py:3947} INFO - Setting next_dagrun for lakehouse_bronze_silver_gold to None, run_after=None
[2026-02-17T23:13:06.619+0000] {processor.py:183} INFO - Processing /opt/airflow/dags/lakehouse_bsg_dag.py took 0.194 seconds
[2026-02-17T23:13:37.343+0000] {processor.py:161} INFO - Started process (PID=241) to work on /opt/airflow/dags/lakehouse_bsg_dag.py
[2026-02-17T23:13:37.344+0000] {processor.py:830} INFO - Processing file /opt/airflow/dags/lakehouse_bsg_dag.py for tasks to queue
[2026-02-17T23:13:37.346+0000] {logging_mixin.py:188} INFO - [2026-02-17T23:13:37.346+0000] {dagbag.py:545} INFO - Filling up the DagBag from /opt/airflow/dags/lakehouse_bsg_dag.py
[2026-02-17T23:13:37.361+0000] {processor.py:840} INFO - DAG(s) 'lakehouse_bronze_silver_gold' retrieved from /opt/airflow/dags/lakehouse_bsg_dag.py
[2026-02-17T23:13:37.393+0000] {logging_mixin.py:188} INFO - [2026-02-17T23:13:37.393+0000] {dag.py:3089} INFO - Sync 1 DAGs
[2026-02-17T23:13:37.419+0000] {logging_mixin.py:188} INFO - [2026-02-17T23:13:37.419+0000] {dag.py:3947} INFO - Setting next_dagrun for lakehouse_bronze_silver_gold to None, run_after=None
[2026-02-17T23:13:37.436+0000] {processor.py:183} INFO - Processing /opt/airflow/dags/lakehouse_bsg_dag.py took 0.097 seconds
[2026-02-17T23:14:08.290+0000] {processor.py:161} INFO - Started process (PID=246) to work on /opt/airflow/dags/lakehouse_bsg_dag.py
[2026-02-17T23:14:08.291+0000] {processor.py:830} INFO - Processing file /opt/airflow/dags/lakehouse_bsg_dag.py for tasks to queue
[2026-02-17T23:14:08.293+0000] {logging_mixin.py:188} INFO - [2026-02-17T23:14:08.293+0000] {dagbag.py:545} INFO - Filling up the DagBag from /opt/airflow/dags/lakehouse_bsg_dag.py
[2026-02-17T23:14:08.310+0000] {processor.py:840} INFO - DAG(s) 'lakehouse_bronze_silver_gold' retrieved from /opt/airflow/dags/lakehouse_bsg_dag.py
[2026-02-17T23:14:08.333+0000] {logging_mixin.py:188} INFO - [2026-02-17T23:14:08.332+0000] {dag.py:3089} INFO - Sync 1 DAGs
[2026-02-17T23:14:08.341+0000] {logging_mixin.py:188} INFO - [2026-02-17T23:14:08.341+0000] {dag.py:3947} INFO - Setting next_dagrun for lakehouse_bronze_silver_gold to None, run_after=None
[2026-02-17T23:14:08.359+0000] {processor.py:183} INFO - Processing /opt/airflow/dags/lakehouse_bsg_dag.py took 0.073 seconds
[2026-02-17T23:14:39.266+0000] {processor.py:161} INFO - Started process (PID=251) to work on /opt/airflow/dags/lakehouse_bsg_dag.py
[2026-02-17T23:14:39.268+0000] {processor.py:830} INFO - Processing file /opt/airflow/dags/lakehouse_bsg_dag.py for tasks to queue
[2026-02-17T23:14:39.270+0000] {logging_mixin.py:188} INFO - [2026-02-17T23:14:39.269+0000] {dagbag.py:545} INFO - Filling up the DagBag from /opt/airflow/dags/lakehouse_bsg_dag.py
[2026-02-17T23:14:39.295+0000] {processor.py:840} INFO - DAG(s) 'lakehouse_bronze_silver_gold' retrieved from /opt/airflow/dags/lakehouse_bsg_dag.py
[2026-02-17T23:14:39.319+0000] {logging_mixin.py:188} INFO - [2026-02-17T23:14:39.319+0000] {dag.py:3089} INFO - Sync 1 DAGs
[2026-02-17T23:14:39.330+0000] {logging_mixin.py:188} INFO - [2026-02-17T23:14:39.330+0000] {dag.py:3947} INFO - Setting next_dagrun for lakehouse_bronze_silver_gold to None, run_after=None
[2026-02-17T23:14:39.347+0000] {processor.py:183} INFO - Processing /opt/airflow/dags/lakehouse_bsg_dag.py took 0.085 seconds
[2026-02-17T23:15:12.179+0000] {processor.py:161} INFO - Started process (PID=256) to work on /opt/airflow/dags/lakehouse_bsg_dag.py
[2026-02-17T23:15:12.180+0000] {processor.py:830} INFO - Processing file /opt/airflow/dags/lakehouse_bsg_dag.py for tasks to queue
[2026-02-17T23:15:12.181+0000] {logging_mixin.py:188} INFO - [2026-02-17T23:15:12.181+0000] {dagbag.py:545} INFO - Filling up the DagBag from /opt/airflow/dags/lakehouse_bsg_dag.py
[2026-02-17T23:15:12.196+0000] {processor.py:840} INFO - DAG(s) 'lakehouse_bronze_silver_gold' retrieved from /opt/airflow/dags/lakehouse_bsg_dag.py
[2026-02-17T23:15:12.219+0000] {logging_mixin.py:188} INFO - [2026-02-17T23:15:12.219+0000] {dag.py:3089} INFO - Sync 1 DAGs
[2026-02-17T23:15:12.232+0000] {logging_mixin.py:188} INFO - [2026-02-17T23:15:12.232+0000] {dag.py:3947} INFO - Setting next_dagrun for lakehouse_bronze_silver_gold to None, run_after=None
[2026-02-17T23:15:12.245+0000] {processor.py:183} INFO - Processing /opt/airflow/dags/lakehouse_bsg_dag.py took 0.071 seconds
[2026-02-17T23:15:44.143+0000] {processor.py:161} INFO - Started process (PID=261) to work on /opt/airflow/dags/lakehouse_bsg_dag.py
[2026-02-17T23:15:44.144+0000] {processor.py:830} INFO - Processing file /opt/airflow/dags/lakehouse_bsg_dag.py for tasks to queue
[2026-02-17T23:15:44.146+0000] {logging_mixin.py:188} INFO - [2026-02-17T23:15:44.146+0000] {dagbag.py:545} INFO - Filling up the DagBag from /opt/airflow/dags/lakehouse_bsg_dag.py
[2026-02-17T23:15:44.159+0000] {processor.py:840} INFO - DAG(s) 'lakehouse_bronze_silver_gold' retrieved from /opt/airflow/dags/lakehouse_bsg_dag.py
[2026-02-17T23:15:44.183+0000] {logging_mixin.py:188} INFO - [2026-02-17T23:15:44.182+0000] {dag.py:3089} INFO - Sync 1 DAGs
[2026-02-17T23:15:44.192+0000] {logging_mixin.py:188} INFO - [2026-02-17T23:15:44.192+0000] {dag.py:3947} INFO - Setting next_dagrun for lakehouse_bronze_silver_gold to None, run_after=None
[2026-02-17T23:15:44.209+0000] {processor.py:183} INFO - Processing /opt/airflow/dags/lakehouse_bsg_dag.py took 0.070 seconds
[2026-02-17T23:16:17.110+0000] {processor.py:161} INFO - Started process (PID=266) to work on /opt/airflow/dags/lakehouse_bsg_dag.py
[2026-02-17T23:16:17.111+0000] {processor.py:830} INFO - Processing file /opt/airflow/dags/lakehouse_bsg_dag.py for tasks to queue
[2026-02-17T23:16:17.113+0000] {logging_mixin.py:188} INFO - [2026-02-17T23:16:17.113+0000] {dagbag.py:545} INFO - Filling up the DagBag from /opt/airflow/dags/lakehouse_bsg_dag.py
[2026-02-17T23:16:17.128+0000] {processor.py:840} INFO - DAG(s) 'lakehouse_bronze_silver_gold' retrieved from /opt/airflow/dags/lakehouse_bsg_dag.py
[2026-02-17T23:16:17.362+0000] {logging_mixin.py:188} INFO - [2026-02-17T23:16:17.362+0000] {dag.py:3089} INFO - Sync 1 DAGs
[2026-02-17T23:16:17.382+0000] {logging_mixin.py:188} INFO - [2026-02-17T23:16:17.382+0000] {dag.py:3947} INFO - Setting next_dagrun for lakehouse_bronze_silver_gold to None, run_after=None
[2026-02-17T23:16:17.426+0000] {processor.py:183} INFO - Processing /opt/airflow/dags/lakehouse_bsg_dag.py took 0.321 seconds
[2026-02-17T23:16:50.037+0000] {processor.py:161} INFO - Started process (PID=271) to work on /opt/airflow/dags/lakehouse_bsg_dag.py
[2026-02-17T23:16:50.039+0000] {processor.py:830} INFO - Processing file /opt/airflow/dags/lakehouse_bsg_dag.py for tasks to queue
[2026-02-17T23:16:50.041+0000] {logging_mixin.py:188} INFO - [2026-02-17T23:16:50.040+0000] {dagbag.py:545} INFO - Filling up the DagBag from /opt/airflow/dags/lakehouse_bsg_dag.py
[2026-02-17T23:16:50.057+0000] {processor.py:840} INFO - DAG(s) 'lakehouse_bronze_silver_gold' retrieved from /opt/airflow/dags/lakehouse_bsg_dag.py
[2026-02-17T23:16:50.083+0000] {logging_mixin.py:188} INFO - [2026-02-17T23:16:50.082+0000] {dag.py:3089} INFO - Sync 1 DAGs
[2026-02-17T23:16:50.092+0000] {logging_mixin.py:188} INFO - [2026-02-17T23:16:50.092+0000] {dag.py:3947} INFO - Setting next_dagrun for lakehouse_bronze_silver_gold to None, run_after=None
[2026-02-17T23:16:50.110+0000] {processor.py:183} INFO - Processing /opt/airflow/dags/lakehouse_bsg_dag.py took 0.078 seconds
[2026-02-17T23:17:22.948+0000] {processor.py:161} INFO - Started process (PID=276) to work on /opt/airflow/dags/lakehouse_bsg_dag.py
[2026-02-17T23:17:22.971+0000] {processor.py:830} INFO - Processing file /opt/airflow/dags/lakehouse_bsg_dag.py for tasks to queue
[2026-02-17T23:17:22.973+0000] {logging_mixin.py:188} INFO - [2026-02-17T23:17:22.972+0000] {dagbag.py:545} INFO - Filling up the DagBag from /opt/airflow/dags/lakehouse_bsg_dag.py
[2026-02-17T23:17:22.990+0000] {processor.py:840} INFO - DAG(s) 'lakehouse_bronze_silver_gold' retrieved from /opt/airflow/dags/lakehouse_bsg_dag.py
[2026-02-17T23:17:23.018+0000] {logging_mixin.py:188} INFO - [2026-02-17T23:17:23.017+0000] {dag.py:3089} INFO - Sync 1 DAGs
[2026-02-17T23:17:23.028+0000] {logging_mixin.py:188} INFO - [2026-02-17T23:17:23.028+0000] {dag.py:3947} INFO - Setting next_dagrun for lakehouse_bronze_silver_gold to None, run_after=None
[2026-02-17T23:17:23.043+0000] {processor.py:183} INFO - Processing /opt/airflow/dags/lakehouse_bsg_dag.py took 0.100 seconds
[2026-02-17T23:17:54.953+0000] {processor.py:161} INFO - Started process (PID=281) to work on /opt/airflow/dags/lakehouse_bsg_dag.py
[2026-02-17T23:17:54.953+0000] {processor.py:830} INFO - Processing file /opt/airflow/dags/lakehouse_bsg_dag.py for tasks to queue
[2026-02-17T23:17:54.955+0000] {logging_mixin.py:188} INFO - [2026-02-17T23:17:54.955+0000] {dagbag.py:545} INFO - Filling up the DagBag from /opt/airflow/dags/lakehouse_bsg_dag.py
[2026-02-17T23:17:54.970+0000] {processor.py:840} INFO - DAG(s) 'lakehouse_bronze_silver_gold' retrieved from /opt/airflow/dags/lakehouse_bsg_dag.py
[2026-02-17T23:17:55.001+0000] {logging_mixin.py:188} INFO - [2026-02-17T23:17:55.001+0000] {dag.py:3089} INFO - Sync 1 DAGs
[2026-02-17T23:17:55.012+0000] {logging_mixin.py:188} INFO - [2026-02-17T23:17:55.012+0000] {dag.py:3947} INFO - Setting next_dagrun for lakehouse_bronze_silver_gold to None, run_after=None
[2026-02-17T23:17:55.032+0000] {processor.py:183} INFO - Processing /opt/airflow/dags/lakehouse_bsg_dag.py took 0.084 seconds
[2026-02-17T23:18:27.858+0000] {processor.py:161} INFO - Started process (PID=286) to work on /opt/airflow/dags/lakehouse_bsg_dag.py
[2026-02-17T23:18:27.859+0000] {processor.py:830} INFO - Processing file /opt/airflow/dags/lakehouse_bsg_dag.py for tasks to queue
[2026-02-17T23:18:27.861+0000] {logging_mixin.py:188} INFO - [2026-02-17T23:18:27.861+0000] {dagbag.py:545} INFO - Filling up the DagBag from /opt/airflow/dags/lakehouse_bsg_dag.py
[2026-02-17T23:18:27.889+0000] {processor.py:840} INFO - DAG(s) 'lakehouse_bronze_silver_gold' retrieved from /opt/airflow/dags/lakehouse_bsg_dag.py
[2026-02-17T23:18:27.916+0000] {logging_mixin.py:188} INFO - [2026-02-17T23:18:27.916+0000] {dag.py:3089} INFO - Sync 1 DAGs
[2026-02-17T23:18:27.925+0000] {logging_mixin.py:188} INFO - [2026-02-17T23:18:27.925+0000] {dag.py:3947} INFO - Setting next_dagrun for lakehouse_bronze_silver_gold to None, run_after=None
[2026-02-17T23:18:27.942+0000] {processor.py:183} INFO - Processing /opt/airflow/dags/lakehouse_bsg_dag.py took 0.089 seconds
[2026-02-17T23:19:00.826+0000] {processor.py:161} INFO - Started process (PID=291) to work on /opt/airflow/dags/lakehouse_bsg_dag.py
[2026-02-17T23:19:00.827+0000] {processor.py:830} INFO - Processing file /opt/airflow/dags/lakehouse_bsg_dag.py for tasks to queue
[2026-02-17T23:19:00.829+0000] {logging_mixin.py:188} INFO - [2026-02-17T23:19:00.829+0000] {dagbag.py:545} INFO - Filling up the DagBag from /opt/airflow/dags/lakehouse_bsg_dag.py
[2026-02-17T23:19:00.844+0000] {processor.py:840} INFO - DAG(s) 'lakehouse_bronze_silver_gold' retrieved from /opt/airflow/dags/lakehouse_bsg_dag.py
[2026-02-17T23:19:00.866+0000] {logging_mixin.py:188} INFO - [2026-02-17T23:19:00.866+0000] {dag.py:3089} INFO - Sync 1 DAGs
[2026-02-17T23:19:00.876+0000] {logging_mixin.py:188} INFO - [2026-02-17T23:19:00.876+0000] {dag.py:3947} INFO - Setting next_dagrun for lakehouse_bronze_silver_gold to None, run_after=None
[2026-02-17T23:19:00.891+0000] {processor.py:183} INFO - Processing /opt/airflow/dags/lakehouse_bsg_dag.py took 0.068 seconds
[2026-02-17T23:19:33.773+0000] {processor.py:161} INFO - Started process (PID=296) to work on /opt/airflow/dags/lakehouse_bsg_dag.py
[2026-02-17T23:19:33.774+0000] {processor.py:830} INFO - Processing file /opt/airflow/dags/lakehouse_bsg_dag.py for tasks to queue
[2026-02-17T23:19:33.775+0000] {logging_mixin.py:188} INFO - [2026-02-17T23:19:33.775+0000] {dagbag.py:545} INFO - Filling up the DagBag from /opt/airflow/dags/lakehouse_bsg_dag.py
[2026-02-17T23:19:33.792+0000] {processor.py:840} INFO - DAG(s) 'lakehouse_bronze_silver_gold' retrieved from /opt/airflow/dags/lakehouse_bsg_dag.py
[2026-02-17T23:19:33.814+0000] {logging_mixin.py:188} INFO - [2026-02-17T23:19:33.814+0000] {dag.py:3089} INFO - Sync 1 DAGs
[2026-02-17T23:19:33.824+0000] {logging_mixin.py:188} INFO - [2026-02-17T23:19:33.824+0000] {dag.py:3947} INFO - Setting next_dagrun for lakehouse_bronze_silver_gold to None, run_after=None
[2026-02-17T23:19:33.840+0000] {processor.py:183} INFO - Processing /opt/airflow/dags/lakehouse_bsg_dag.py took 0.071 seconds
[2026-02-17T23:20:06.712+0000] {processor.py:161} INFO - Started process (PID=301) to work on /opt/airflow/dags/lakehouse_bsg_dag.py
[2026-02-17T23:20:06.714+0000] {processor.py:830} INFO - Processing file /opt/airflow/dags/lakehouse_bsg_dag.py for tasks to queue
[2026-02-17T23:20:06.715+0000] {logging_mixin.py:188} INFO - [2026-02-17T23:20:06.715+0000] {dagbag.py:545} INFO - Filling up the DagBag from /opt/airflow/dags/lakehouse_bsg_dag.py
[2026-02-17T23:20:06.765+0000] {processor.py:840} INFO - DAG(s) 'lakehouse_bronze_silver_gold' retrieved from /opt/airflow/dags/lakehouse_bsg_dag.py
[2026-02-17T23:20:06.807+0000] {logging_mixin.py:188} INFO - [2026-02-17T23:20:06.807+0000] {dag.py:3089} INFO - Sync 1 DAGs
[2026-02-17T23:20:06.819+0000] {logging_mixin.py:188} INFO - [2026-02-17T23:20:06.819+0000] {dag.py:3947} INFO - Setting next_dagrun for lakehouse_bronze_silver_gold to None, run_after=None
[2026-02-17T23:20:06.835+0000] {processor.py:183} INFO - Processing /opt/airflow/dags/lakehouse_bsg_dag.py took 0.127 seconds
[2026-02-17T23:20:38.640+0000] {processor.py:161} INFO - Started process (PID=306) to work on /opt/airflow/dags/lakehouse_bsg_dag.py
[2026-02-17T23:20:38.641+0000] {processor.py:830} INFO - Processing file /opt/airflow/dags/lakehouse_bsg_dag.py for tasks to queue
[2026-02-17T23:20:38.643+0000] {logging_mixin.py:188} INFO - [2026-02-17T23:20:38.643+0000] {dagbag.py:545} INFO - Filling up the DagBag from /opt/airflow/dags/lakehouse_bsg_dag.py
[2026-02-17T23:20:38.660+0000] {processor.py:840} INFO - DAG(s) 'lakehouse_bronze_silver_gold' retrieved from /opt/airflow/dags/lakehouse_bsg_dag.py
[2026-02-17T23:20:38.684+0000] {logging_mixin.py:188} INFO - [2026-02-17T23:20:38.684+0000] {dag.py:3089} INFO - Sync 1 DAGs
[2026-02-17T23:20:38.693+0000] {logging_mixin.py:188} INFO - [2026-02-17T23:20:38.693+0000] {dag.py:3947} INFO - Setting next_dagrun for lakehouse_bronze_silver_gold to None, run_after=None
[2026-02-17T23:20:38.709+0000] {processor.py:183} INFO - Processing /opt/airflow/dags/lakehouse_bsg_dag.py took 0.073 seconds
[2026-02-17T23:21:11.543+0000] {processor.py:161} INFO - Started process (PID=311) to work on /opt/airflow/dags/lakehouse_bsg_dag.py
[2026-02-17T23:21:11.543+0000] {processor.py:830} INFO - Processing file /opt/airflow/dags/lakehouse_bsg_dag.py for tasks to queue
[2026-02-17T23:21:11.545+0000] {logging_mixin.py:188} INFO - [2026-02-17T23:21:11.545+0000] {dagbag.py:545} INFO - Filling up the DagBag from /opt/airflow/dags/lakehouse_bsg_dag.py
[2026-02-17T23:21:11.560+0000] {processor.py:840} INFO - DAG(s) 'lakehouse_bronze_silver_gold' retrieved from /opt/airflow/dags/lakehouse_bsg_dag.py
[2026-02-17T23:21:11.585+0000] {logging_mixin.py:188} INFO - [2026-02-17T23:21:11.585+0000] {dag.py:3089} INFO - Sync 1 DAGs
[2026-02-17T23:21:11.595+0000] {logging_mixin.py:188} INFO - [2026-02-17T23:21:11.595+0000] {dag.py:3947} INFO - Setting next_dagrun for lakehouse_bronze_silver_gold to None, run_after=None
[2026-02-17T23:21:11.609+0000] {processor.py:183} INFO - Processing /opt/airflow/dags/lakehouse_bsg_dag.py took 0.072 seconds
[2026-02-17T23:21:44.482+0000] {processor.py:161} INFO - Started process (PID=316) to work on /opt/airflow/dags/lakehouse_bsg_dag.py
[2026-02-17T23:21:44.485+0000] {processor.py:830} INFO - Processing file /opt/airflow/dags/lakehouse_bsg_dag.py for tasks to queue
[2026-02-17T23:21:44.488+0000] {logging_mixin.py:188} INFO - [2026-02-17T23:21:44.487+0000] {dagbag.py:545} INFO - Filling up the DagBag from /opt/airflow/dags/lakehouse_bsg_dag.py
[2026-02-17T23:21:44.513+0000] {processor.py:840} INFO - DAG(s) 'lakehouse_bronze_silver_gold' retrieved from /opt/airflow/dags/lakehouse_bsg_dag.py
[2026-02-17T23:21:44.539+0000] {logging_mixin.py:188} INFO - [2026-02-17T23:21:44.538+0000] {dag.py:3089} INFO - Sync 1 DAGs
[2026-02-17T23:21:44.548+0000] {logging_mixin.py:188} INFO - [2026-02-17T23:21:44.547+0000] {dag.py:3947} INFO - Setting next_dagrun for lakehouse_bronze_silver_gold to None, run_after=None
[2026-02-17T23:21:44.561+0000] {processor.py:183} INFO - Processing /opt/airflow/dags/lakehouse_bsg_dag.py took 0.083 seconds
[2026-02-17T23:22:17.431+0000] {processor.py:161} INFO - Started process (PID=321) to work on /opt/airflow/dags/lakehouse_bsg_dag.py
[2026-02-17T23:22:17.432+0000] {processor.py:830} INFO - Processing file /opt/airflow/dags/lakehouse_bsg_dag.py for tasks to queue
[2026-02-17T23:22:17.434+0000] {logging_mixin.py:188} INFO - [2026-02-17T23:22:17.434+0000] {dagbag.py:545} INFO - Filling up the DagBag from /opt/airflow/dags/lakehouse_bsg_dag.py
[2026-02-17T23:22:17.451+0000] {processor.py:840} INFO - DAG(s) 'lakehouse_bronze_silver_gold' retrieved from /opt/airflow/dags/lakehouse_bsg_dag.py
[2026-02-17T23:22:17.476+0000] {logging_mixin.py:188} INFO - [2026-02-17T23:22:17.476+0000] {dag.py:3089} INFO - Sync 1 DAGs
[2026-02-17T23:22:17.486+0000] {logging_mixin.py:188} INFO - [2026-02-17T23:22:17.486+0000] {dag.py:3947} INFO - Setting next_dagrun for lakehouse_bronze_silver_gold to None, run_after=None
[2026-02-17T23:22:17.501+0000] {processor.py:183} INFO - Processing /opt/airflow/dags/lakehouse_bsg_dag.py took 0.074 seconds
[2026-02-17T23:22:50.308+0000] {processor.py:161} INFO - Started process (PID=326) to work on /opt/airflow/dags/lakehouse_bsg_dag.py
[2026-02-17T23:22:50.310+0000] {processor.py:830} INFO - Processing file /opt/airflow/dags/lakehouse_bsg_dag.py for tasks to queue
[2026-02-17T23:22:50.312+0000] {logging_mixin.py:188} INFO - [2026-02-17T23:22:50.311+0000] {dagbag.py:545} INFO - Filling up the DagBag from /opt/airflow/dags/lakehouse_bsg_dag.py
[2026-02-17T23:22:50.347+0000] {processor.py:840} INFO - DAG(s) 'lakehouse_bronze_silver_gold' retrieved from /opt/airflow/dags/lakehouse_bsg_dag.py
[2026-02-17T23:22:50.378+0000] {logging_mixin.py:188} INFO - [2026-02-17T23:22:50.378+0000] {dag.py:3089} INFO - Sync 1 DAGs
[2026-02-17T23:22:50.389+0000] {logging_mixin.py:188} INFO - [2026-02-17T23:22:50.389+0000] {dag.py:3947} INFO - Setting next_dagrun for lakehouse_bronze_silver_gold to None, run_after=None
[2026-02-17T23:22:50.415+0000] {processor.py:183} INFO - Processing /opt/airflow/dags/lakehouse_bsg_dag.py took 0.112 seconds
[2026-02-17T23:23:22.258+0000] {processor.py:161} INFO - Started process (PID=331) to work on /opt/airflow/dags/lakehouse_bsg_dag.py
[2026-02-17T23:23:22.259+0000] {processor.py:830} INFO - Processing file /opt/airflow/dags/lakehouse_bsg_dag.py for tasks to queue
[2026-02-17T23:23:22.261+0000] {logging_mixin.py:188} INFO - [2026-02-17T23:23:22.260+0000] {dagbag.py:545} INFO - Filling up the DagBag from /opt/airflow/dags/lakehouse_bsg_dag.py
[2026-02-17T23:23:22.276+0000] {processor.py:840} INFO - DAG(s) 'lakehouse_bronze_silver_gold' retrieved from /opt/airflow/dags/lakehouse_bsg_dag.py
[2026-02-17T23:23:22.301+0000] {logging_mixin.py:188} INFO - [2026-02-17T23:23:22.301+0000] {dag.py:3089} INFO - Sync 1 DAGs
[2026-02-17T23:23:22.311+0000] {logging_mixin.py:188} INFO - [2026-02-17T23:23:22.311+0000] {dag.py:3947} INFO - Setting next_dagrun for lakehouse_bronze_silver_gold to None, run_after=None
[2026-02-17T23:23:22.328+0000] {processor.py:183} INFO - Processing /opt/airflow/dags/lakehouse_bsg_dag.py took 0.077 seconds
[2026-02-17T23:23:55.166+0000] {processor.py:161} INFO - Started process (PID=336) to work on /opt/airflow/dags/lakehouse_bsg_dag.py
[2026-02-17T23:23:55.166+0000] {processor.py:830} INFO - Processing file /opt/airflow/dags/lakehouse_bsg_dag.py for tasks to queue
[2026-02-17T23:23:55.168+0000] {logging_mixin.py:188} INFO - [2026-02-17T23:23:55.168+0000] {dagbag.py:545} INFO - Filling up the DagBag from /opt/airflow/dags/lakehouse_bsg_dag.py
[2026-02-17T23:23:55.183+0000] {processor.py:840} INFO - DAG(s) 'lakehouse_bronze_silver_gold' retrieved from /opt/airflow/dags/lakehouse_bsg_dag.py
[2026-02-17T23:23:55.206+0000] {logging_mixin.py:188} INFO - [2026-02-17T23:23:55.206+0000] {dag.py:3089} INFO - Sync 1 DAGs
[2026-02-17T23:23:55.216+0000] {logging_mixin.py:188} INFO - [2026-02-17T23:23:55.216+0000] {dag.py:3947} INFO - Setting next_dagrun for lakehouse_bronze_silver_gold to None, run_after=None
[2026-02-17T23:23:55.231+0000] {processor.py:183} INFO - Processing /opt/airflow/dags/lakehouse_bsg_dag.py took 0.069 seconds
[2026-02-17T23:24:28.125+0000] {processor.py:161} INFO - Started process (PID=341) to work on /opt/airflow/dags/lakehouse_bsg_dag.py
[2026-02-17T23:24:28.125+0000] {processor.py:830} INFO - Processing file /opt/airflow/dags/lakehouse_bsg_dag.py for tasks to queue
[2026-02-17T23:24:28.127+0000] {logging_mixin.py:188} INFO - [2026-02-17T23:24:28.127+0000] {dagbag.py:545} INFO - Filling up the DagBag from /opt/airflow/dags/lakehouse_bsg_dag.py
[2026-02-17T23:24:28.148+0000] {processor.py:840} INFO - DAG(s) 'lakehouse_bronze_silver_gold' retrieved from /opt/airflow/dags/lakehouse_bsg_dag.py
[2026-02-17T23:24:28.178+0000] {logging_mixin.py:188} INFO - [2026-02-17T23:24:28.178+0000] {dag.py:3089} INFO - Sync 1 DAGs
[2026-02-17T23:24:28.189+0000] {logging_mixin.py:188} INFO - [2026-02-17T23:24:28.189+0000] {dag.py:3947} INFO - Setting next_dagrun for lakehouse_bronze_silver_gold to None, run_after=None
[2026-02-17T23:24:28.205+0000] {processor.py:183} INFO - Processing /opt/airflow/dags/lakehouse_bsg_dag.py took 0.085 seconds
[2026-02-17T23:25:01.069+0000] {processor.py:161} INFO - Started process (PID=346) to work on /opt/airflow/dags/lakehouse_bsg_dag.py
[2026-02-17T23:25:01.070+0000] {processor.py:830} INFO - Processing file /opt/airflow/dags/lakehouse_bsg_dag.py for tasks to queue
[2026-02-17T23:25:01.072+0000] {logging_mixin.py:188} INFO - [2026-02-17T23:25:01.072+0000] {dagbag.py:545} INFO - Filling up the DagBag from /opt/airflow/dags/lakehouse_bsg_dag.py
[2026-02-17T23:25:01.086+0000] {processor.py:840} INFO - DAG(s) 'lakehouse_bronze_silver_gold' retrieved from /opt/airflow/dags/lakehouse_bsg_dag.py
[2026-02-17T23:25:01.108+0000] {logging_mixin.py:188} INFO - [2026-02-17T23:25:01.108+0000] {dag.py:3089} INFO - Sync 1 DAGs
[2026-02-17T23:25:01.118+0000] {logging_mixin.py:188} INFO - [2026-02-17T23:25:01.117+0000] {dag.py:3947} INFO - Setting next_dagrun for lakehouse_bronze_silver_gold to None, run_after=None
[2026-02-17T23:25:01.131+0000] {processor.py:183} INFO - Processing /opt/airflow/dags/lakehouse_bsg_dag.py took 0.066 seconds
[2026-02-17T23:25:33.977+0000] {processor.py:161} INFO - Started process (PID=351) to work on /opt/airflow/dags/lakehouse_bsg_dag.py
[2026-02-17T23:25:33.978+0000] {processor.py:830} INFO - Processing file /opt/airflow/dags/lakehouse_bsg_dag.py for tasks to queue
[2026-02-17T23:25:33.980+0000] {logging_mixin.py:188} INFO - [2026-02-17T23:25:33.980+0000] {dagbag.py:545} INFO - Filling up the DagBag from /opt/airflow/dags/lakehouse_bsg_dag.py
[2026-02-17T23:25:33.997+0000] {processor.py:840} INFO - DAG(s) 'lakehouse_bronze_silver_gold' retrieved from /opt/airflow/dags/lakehouse_bsg_dag.py
[2026-02-17T23:25:34.024+0000] {logging_mixin.py:188} INFO - [2026-02-17T23:25:34.024+0000] {dag.py:3089} INFO - Sync 1 DAGs
[2026-02-17T23:25:34.038+0000] {logging_mixin.py:188} INFO - [2026-02-17T23:25:34.037+0000] {dag.py:3947} INFO - Setting next_dagrun for lakehouse_bronze_silver_gold to None, run_after=None
[2026-02-17T23:25:34.055+0000] {processor.py:183} INFO - Processing /opt/airflow/dags/lakehouse_bsg_dag.py took 0.082 seconds
[2026-02-17T23:26:05.945+0000] {processor.py:161} INFO - Started process (PID=356) to work on /opt/airflow/dags/lakehouse_bsg_dag.py
[2026-02-17T23:26:05.946+0000] {processor.py:830} INFO - Processing file /opt/airflow/dags/lakehouse_bsg_dag.py for tasks to queue
[2026-02-17T23:26:05.948+0000] {logging_mixin.py:188} INFO - [2026-02-17T23:26:05.947+0000] {dagbag.py:545} INFO - Filling up the DagBag from /opt/airflow/dags/lakehouse_bsg_dag.py
[2026-02-17T23:26:05.963+0000] {processor.py:840} INFO - DAG(s) 'lakehouse_bronze_silver_gold' retrieved from /opt/airflow/dags/lakehouse_bsg_dag.py
[2026-02-17T23:26:05.987+0000] {logging_mixin.py:188} INFO - [2026-02-17T23:26:05.987+0000] {dag.py:3089} INFO - Sync 1 DAGs
[2026-02-17T23:26:05.996+0000] {logging_mixin.py:188} INFO - [2026-02-17T23:26:05.996+0000] {dag.py:3947} INFO - Setting next_dagrun for lakehouse_bronze_silver_gold to None, run_after=None
[2026-02-17T23:26:06.011+0000] {processor.py:183} INFO - Processing /opt/airflow/dags/lakehouse_bsg_dag.py took 0.070 seconds
[2026-02-17T23:26:38.853+0000] {processor.py:161} INFO - Started process (PID=361) to work on /opt/airflow/dags/lakehouse_bsg_dag.py
[2026-02-17T23:26:38.855+0000] {processor.py:830} INFO - Processing file /opt/airflow/dags/lakehouse_bsg_dag.py for tasks to queue
[2026-02-17T23:26:38.857+0000] {logging_mixin.py:188} INFO - [2026-02-17T23:26:38.857+0000] {dagbag.py:545} INFO - Filling up the DagBag from /opt/airflow/dags/lakehouse_bsg_dag.py
[2026-02-17T23:26:38.872+0000] {processor.py:840} INFO - DAG(s) 'lakehouse_bronze_silver_gold' retrieved from /opt/airflow/dags/lakehouse_bsg_dag.py
[2026-02-17T23:26:38.897+0000] {logging_mixin.py:188} INFO - [2026-02-17T23:26:38.897+0000] {dag.py:3089} INFO - Sync 1 DAGs
[2026-02-17T23:26:38.906+0000] {logging_mixin.py:188} INFO - [2026-02-17T23:26:38.906+0000] {dag.py:3947} INFO - Setting next_dagrun for lakehouse_bronze_silver_gold to None, run_after=None
[2026-02-17T23:26:38.920+0000] {processor.py:183} INFO - Processing /opt/airflow/dags/lakehouse_bsg_dag.py took 0.071 seconds
[2026-02-17T23:27:11.832+0000] {processor.py:161} INFO - Started process (PID=366) to work on /opt/airflow/dags/lakehouse_bsg_dag.py
[2026-02-17T23:27:11.833+0000] {processor.py:830} INFO - Processing file /opt/airflow/dags/lakehouse_bsg_dag.py for tasks to queue
[2026-02-17T23:27:11.835+0000] {logging_mixin.py:188} INFO - [2026-02-17T23:27:11.835+0000] {dagbag.py:545} INFO - Filling up the DagBag from /opt/airflow/dags/lakehouse_bsg_dag.py
[2026-02-17T23:27:11.883+0000] {processor.py:840} INFO - DAG(s) 'lakehouse_bronze_silver_gold' retrieved from /opt/airflow/dags/lakehouse_bsg_dag.py
[2026-02-17T23:27:11.911+0000] {logging_mixin.py:188} INFO - [2026-02-17T23:27:11.911+0000] {dag.py:3089} INFO - Sync 1 DAGs
[2026-02-17T23:27:11.920+0000] {logging_mixin.py:188} INFO - [2026-02-17T23:27:11.920+0000] {dag.py:3947} INFO - Setting next_dagrun for lakehouse_bronze_silver_gold to None, run_after=None
[2026-02-17T23:27:11.942+0000] {processor.py:183} INFO - Processing /opt/airflow/dags/lakehouse_bsg_dag.py took 0.115 seconds
[2026-02-17T23:27:44.750+0000] {processor.py:161} INFO - Started process (PID=371) to work on /opt/airflow/dags/lakehouse_bsg_dag.py
[2026-02-17T23:27:44.751+0000] {processor.py:830} INFO - Processing file /opt/airflow/dags/lakehouse_bsg_dag.py for tasks to queue
[2026-02-17T23:27:44.753+0000] {logging_mixin.py:188} INFO - [2026-02-17T23:27:44.753+0000] {dagbag.py:545} INFO - Filling up the DagBag from /opt/airflow/dags/lakehouse_bsg_dag.py
[2026-02-17T23:27:44.767+0000] {processor.py:840} INFO - DAG(s) 'lakehouse_bronze_silver_gold' retrieved from /opt/airflow/dags/lakehouse_bsg_dag.py
[2026-02-17T23:27:44.792+0000] {logging_mixin.py:188} INFO - [2026-02-17T23:27:44.792+0000] {dag.py:3089} INFO - Sync 1 DAGs
[2026-02-17T23:27:44.802+0000] {logging_mixin.py:188} INFO - [2026-02-17T23:27:44.802+0000] {dag.py:3947} INFO - Setting next_dagrun for lakehouse_bronze_silver_gold to None, run_after=None
[2026-02-17T23:27:44.823+0000] {processor.py:183} INFO - Processing /opt/airflow/dags/lakehouse_bsg_dag.py took 0.079 seconds
[2026-02-17T23:28:17.618+0000] {processor.py:161} INFO - Started process (PID=376) to work on /opt/airflow/dags/lakehouse_bsg_dag.py
[2026-02-17T23:28:17.619+0000] {processor.py:830} INFO - Processing file /opt/airflow/dags/lakehouse_bsg_dag.py for tasks to queue
[2026-02-17T23:28:17.621+0000] {logging_mixin.py:188} INFO - [2026-02-17T23:28:17.621+0000] {dagbag.py:545} INFO - Filling up the DagBag from /opt/airflow/dags/lakehouse_bsg_dag.py
[2026-02-17T23:28:17.636+0000] {processor.py:840} INFO - DAG(s) 'lakehouse_bronze_silver_gold' retrieved from /opt/airflow/dags/lakehouse_bsg_dag.py
[2026-02-17T23:28:17.662+0000] {logging_mixin.py:188} INFO - [2026-02-17T23:28:17.662+0000] {dag.py:3089} INFO - Sync 1 DAGs
[2026-02-17T23:28:17.673+0000] {logging_mixin.py:188} INFO - [2026-02-17T23:28:17.673+0000] {dag.py:3947} INFO - Setting next_dagrun for lakehouse_bronze_silver_gold to None, run_after=None
[2026-02-17T23:28:17.689+0000] {processor.py:183} INFO - Processing /opt/airflow/dags/lakehouse_bsg_dag.py took 0.077 seconds
[2026-02-17T23:28:49.580+0000] {processor.py:161} INFO - Started process (PID=381) to work on /opt/airflow/dags/lakehouse_bsg_dag.py
[2026-02-17T23:28:49.581+0000] {processor.py:830} INFO - Processing file /opt/airflow/dags/lakehouse_bsg_dag.py for tasks to queue
[2026-02-17T23:28:49.583+0000] {logging_mixin.py:188} INFO - [2026-02-17T23:28:49.583+0000] {dagbag.py:545} INFO - Filling up the DagBag from /opt/airflow/dags/lakehouse_bsg_dag.py
[2026-02-17T23:28:49.598+0000] {processor.py:840} INFO - DAG(s) 'lakehouse_bronze_silver_gold' retrieved from /opt/airflow/dags/lakehouse_bsg_dag.py
[2026-02-17T23:28:49.623+0000] {logging_mixin.py:188} INFO - [2026-02-17T23:28:49.623+0000] {dag.py:3089} INFO - Sync 1 DAGs
[2026-02-17T23:28:49.633+0000] {logging_mixin.py:188} INFO - [2026-02-17T23:28:49.633+0000] {dag.py:3947} INFO - Setting next_dagrun for lakehouse_bronze_silver_gold to None, run_after=None
[2026-02-17T23:28:49.651+0000] {processor.py:183} INFO - Processing /opt/airflow/dags/lakehouse_bsg_dag.py took 0.076 seconds
[2026-02-17T23:29:22.453+0000] {processor.py:161} INFO - Started process (PID=386) to work on /opt/airflow/dags/lakehouse_bsg_dag.py
[2026-02-17T23:29:22.454+0000] {processor.py:830} INFO - Processing file /opt/airflow/dags/lakehouse_bsg_dag.py for tasks to queue
[2026-02-17T23:29:22.456+0000] {logging_mixin.py:188} INFO - [2026-02-17T23:29:22.455+0000] {dagbag.py:545} INFO - Filling up the DagBag from /opt/airflow/dags/lakehouse_bsg_dag.py
[2026-02-17T23:29:22.472+0000] {processor.py:840} INFO - DAG(s) 'lakehouse_bronze_silver_gold' retrieved from /opt/airflow/dags/lakehouse_bsg_dag.py
[2026-02-17T23:29:22.497+0000] {logging_mixin.py:188} INFO - [2026-02-17T23:29:22.497+0000] {dag.py:3089} INFO - Sync 1 DAGs
[2026-02-17T23:29:22.507+0000] {logging_mixin.py:188} INFO - [2026-02-17T23:29:22.507+0000] {dag.py:3947} INFO - Setting next_dagrun for lakehouse_bronze_silver_gold to None, run_after=None
[2026-02-17T23:29:22.522+0000] {processor.py:183} INFO - Processing /opt/airflow/dags/lakehouse_bsg_dag.py took 0.074 seconds
[2026-02-17T23:29:55.372+0000] {processor.py:161} INFO - Started process (PID=391) to work on /opt/airflow/dags/lakehouse_bsg_dag.py
[2026-02-17T23:29:55.376+0000] {processor.py:830} INFO - Processing file /opt/airflow/dags/lakehouse_bsg_dag.py for tasks to queue
[2026-02-17T23:29:55.378+0000] {logging_mixin.py:188} INFO - [2026-02-17T23:29:55.378+0000] {dagbag.py:545} INFO - Filling up the DagBag from /opt/airflow/dags/lakehouse_bsg_dag.py
[2026-02-17T23:29:55.404+0000] {processor.py:840} INFO - DAG(s) 'lakehouse_bronze_silver_gold' retrieved from /opt/airflow/dags/lakehouse_bsg_dag.py
[2026-02-17T23:29:55.429+0000] {logging_mixin.py:188} INFO - [2026-02-17T23:29:55.429+0000] {dag.py:3089} INFO - Sync 1 DAGs
[2026-02-17T23:29:55.439+0000] {logging_mixin.py:188} INFO - [2026-02-17T23:29:55.439+0000] {dag.py:3947} INFO - Setting next_dagrun for lakehouse_bronze_silver_gold to None, run_after=None
[2026-02-17T23:29:55.454+0000] {processor.py:183} INFO - Processing /opt/airflow/dags/lakehouse_bsg_dag.py took 0.086 seconds
[2026-02-17T23:30:28.345+0000] {processor.py:161} INFO - Started process (PID=396) to work on /opt/airflow/dags/lakehouse_bsg_dag.py
[2026-02-17T23:30:28.346+0000] {processor.py:830} INFO - Processing file /opt/airflow/dags/lakehouse_bsg_dag.py for tasks to queue
[2026-02-17T23:30:28.348+0000] {logging_mixin.py:188} INFO - [2026-02-17T23:30:28.348+0000] {dagbag.py:545} INFO - Filling up the DagBag from /opt/airflow/dags/lakehouse_bsg_dag.py
[2026-02-17T23:30:28.369+0000] {processor.py:840} INFO - DAG(s) 'lakehouse_bronze_silver_gold' retrieved from /opt/airflow/dags/lakehouse_bsg_dag.py
[2026-02-17T23:30:28.407+0000] {logging_mixin.py:188} INFO - [2026-02-17T23:30:28.406+0000] {dag.py:3089} INFO - Sync 1 DAGs
[2026-02-17T23:30:28.421+0000] {logging_mixin.py:188} INFO - [2026-02-17T23:30:28.421+0000] {dag.py:3947} INFO - Setting next_dagrun for lakehouse_bronze_silver_gold to None, run_after=None
[2026-02-17T23:30:28.442+0000] {processor.py:183} INFO - Processing /opt/airflow/dags/lakehouse_bsg_dag.py took 0.101 seconds
[2026-02-17T23:31:01.260+0000] {processor.py:161} INFO - Started process (PID=401) to work on /opt/airflow/dags/lakehouse_bsg_dag.py
[2026-02-17T23:31:01.261+0000] {processor.py:830} INFO - Processing file /opt/airflow/dags/lakehouse_bsg_dag.py for tasks to queue
[2026-02-17T23:31:01.264+0000] {logging_mixin.py:188} INFO - [2026-02-17T23:31:01.263+0000] {dagbag.py:545} INFO - Filling up the DagBag from /opt/airflow/dags/lakehouse_bsg_dag.py
[2026-02-17T23:31:01.280+0000] {processor.py:840} INFO - DAG(s) 'lakehouse_bronze_silver_gold' retrieved from /opt/airflow/dags/lakehouse_bsg_dag.py
[2026-02-17T23:31:01.306+0000] {logging_mixin.py:188} INFO - [2026-02-17T23:31:01.306+0000] {dag.py:3089} INFO - Sync 1 DAGs
[2026-02-17T23:31:01.316+0000] {logging_mixin.py:188} INFO - [2026-02-17T23:31:01.316+0000] {dag.py:3947} INFO - Setting next_dagrun for lakehouse_bronze_silver_gold to None, run_after=None
[2026-02-17T23:31:01.330+0000] {processor.py:183} INFO - Processing /opt/airflow/dags/lakehouse_bsg_dag.py took 0.074 seconds
[2026-02-17T23:31:33.264+0000] {processor.py:161} INFO - Started process (PID=406) to work on /opt/airflow/dags/lakehouse_bsg_dag.py
[2026-02-17T23:31:33.265+0000] {processor.py:830} INFO - Processing file /opt/airflow/dags/lakehouse_bsg_dag.py for tasks to queue
[2026-02-17T23:31:33.267+0000] {logging_mixin.py:188} INFO - [2026-02-17T23:31:33.267+0000] {dagbag.py:545} INFO - Filling up the DagBag from /opt/airflow/dags/lakehouse_bsg_dag.py
[2026-02-17T23:31:33.286+0000] {processor.py:840} INFO - DAG(s) 'lakehouse_bronze_silver_gold' retrieved from /opt/airflow/dags/lakehouse_bsg_dag.py
[2026-02-17T23:31:33.320+0000] {logging_mixin.py:188} INFO - [2026-02-17T23:31:33.320+0000] {dag.py:3089} INFO - Sync 1 DAGs
[2026-02-17T23:31:33.333+0000] {logging_mixin.py:188} INFO - [2026-02-17T23:31:33.333+0000] {dag.py:3947} INFO - Setting next_dagrun for lakehouse_bronze_silver_gold to None, run_after=None
[2026-02-17T23:31:33.355+0000] {processor.py:183} INFO - Processing /opt/airflow/dags/lakehouse_bsg_dag.py took 0.096 seconds
[2026-02-17T23:32:06.209+0000] {processor.py:161} INFO - Started process (PID=411) to work on /opt/airflow/dags/lakehouse_bsg_dag.py
[2026-02-17T23:32:06.210+0000] {processor.py:830} INFO - Processing file /opt/airflow/dags/lakehouse_bsg_dag.py for tasks to queue
[2026-02-17T23:32:06.212+0000] {logging_mixin.py:188} INFO - [2026-02-17T23:32:06.211+0000] {dagbag.py:545} INFO - Filling up the DagBag from /opt/airflow/dags/lakehouse_bsg_dag.py
[2026-02-17T23:32:06.227+0000] {processor.py:840} INFO - DAG(s) 'lakehouse_bronze_silver_gold' retrieved from /opt/airflow/dags/lakehouse_bsg_dag.py
[2026-02-17T23:32:06.254+0000] {logging_mixin.py:188} INFO - [2026-02-17T23:32:06.254+0000] {dag.py:3089} INFO - Sync 1 DAGs
[2026-02-17T23:32:06.264+0000] {logging_mixin.py:188} INFO - [2026-02-17T23:32:06.263+0000] {dag.py:3947} INFO - Setting next_dagrun for lakehouse_bronze_silver_gold to None, run_after=None
[2026-02-17T23:32:06.279+0000] {processor.py:183} INFO - Processing /opt/airflow/dags/lakehouse_bsg_dag.py took 0.075 seconds
[2026-02-17T23:32:39.151+0000] {processor.py:161} INFO - Started process (PID=416) to work on /opt/airflow/dags/lakehouse_bsg_dag.py
[2026-02-17T23:32:39.153+0000] {processor.py:830} INFO - Processing file /opt/airflow/dags/lakehouse_bsg_dag.py for tasks to queue
[2026-02-17T23:32:39.155+0000] {logging_mixin.py:188} INFO - [2026-02-17T23:32:39.154+0000] {dagbag.py:545} INFO - Filling up the DagBag from /opt/airflow/dags/lakehouse_bsg_dag.py
[2026-02-17T23:32:39.172+0000] {processor.py:840} INFO - DAG(s) 'lakehouse_bronze_silver_gold' retrieved from /opt/airflow/dags/lakehouse_bsg_dag.py
[2026-02-17T23:32:39.197+0000] {logging_mixin.py:188} INFO - [2026-02-17T23:32:39.197+0000] {dag.py:3089} INFO - Sync 1 DAGs
[2026-02-17T23:32:39.207+0000] {logging_mixin.py:188} INFO - [2026-02-17T23:32:39.207+0000] {dag.py:3947} INFO - Setting next_dagrun for lakehouse_bronze_silver_gold to None, run_after=None
[2026-02-17T23:32:39.222+0000] {processor.py:183} INFO - Processing /opt/airflow/dags/lakehouse_bsg_dag.py took 0.076 seconds
[2026-02-17T23:33:12.045+0000] {processor.py:161} INFO - Started process (PID=421) to work on /opt/airflow/dags/lakehouse_bsg_dag.py
[2026-02-17T23:33:12.046+0000] {processor.py:830} INFO - Processing file /opt/airflow/dags/lakehouse_bsg_dag.py for tasks to queue
[2026-02-17T23:33:12.048+0000] {logging_mixin.py:188} INFO - [2026-02-17T23:33:12.048+0000] {dagbag.py:545} INFO - Filling up the DagBag from /opt/airflow/dags/lakehouse_bsg_dag.py
[2026-02-17T23:33:12.080+0000] {processor.py:840} INFO - DAG(s) 'lakehouse_bronze_silver_gold' retrieved from /opt/airflow/dags/lakehouse_bsg_dag.py
[2026-02-17T23:33:12.105+0000] {logging_mixin.py:188} INFO - [2026-02-17T23:33:12.104+0000] {dag.py:3089} INFO - Sync 1 DAGs
[2026-02-17T23:33:12.115+0000] {logging_mixin.py:188} INFO - [2026-02-17T23:33:12.115+0000] {dag.py:3947} INFO - Setting next_dagrun for lakehouse_bronze_silver_gold to None, run_after=None
[2026-02-17T23:33:12.130+0000] {processor.py:183} INFO - Processing /opt/airflow/dags/lakehouse_bsg_dag.py took 0.090 seconds
[2026-02-17T23:33:45.033+0000] {processor.py:161} INFO - Started process (PID=426) to work on /opt/airflow/dags/lakehouse_bsg_dag.py
[2026-02-17T23:33:45.034+0000] {processor.py:830} INFO - Processing file /opt/airflow/dags/lakehouse_bsg_dag.py for tasks to queue
[2026-02-17T23:33:45.036+0000] {logging_mixin.py:188} INFO - [2026-02-17T23:33:45.036+0000] {dagbag.py:545} INFO - Filling up the DagBag from /opt/airflow/dags/lakehouse_bsg_dag.py
[2026-02-17T23:33:45.054+0000] {processor.py:840} INFO - DAG(s) 'lakehouse_bronze_silver_gold' retrieved from /opt/airflow/dags/lakehouse_bsg_dag.py
[2026-02-17T23:33:45.082+0000] {logging_mixin.py:188} INFO - [2026-02-17T23:33:45.082+0000] {dag.py:3089} INFO - Sync 1 DAGs
[2026-02-17T23:33:45.092+0000] {logging_mixin.py:188} INFO - [2026-02-17T23:33:45.092+0000] {dag.py:3947} INFO - Setting next_dagrun for lakehouse_bronze_silver_gold to None, run_after=None
[2026-02-17T23:33:45.106+0000] {processor.py:183} INFO - Processing /opt/airflow/dags/lakehouse_bsg_dag.py took 0.077 seconds
[2026-02-17T23:34:16.933+0000] {processor.py:161} INFO - Started process (PID=431) to work on /opt/airflow/dags/lakehouse_bsg_dag.py
[2026-02-17T23:34:16.935+0000] {processor.py:830} INFO - Processing file /opt/airflow/dags/lakehouse_bsg_dag.py for tasks to queue
[2026-02-17T23:34:16.936+0000] {logging_mixin.py:188} INFO - [2026-02-17T23:34:16.936+0000] {dagbag.py:545} INFO - Filling up the DagBag from /opt/airflow/dags/lakehouse_bsg_dag.py
[2026-02-17T23:34:16.953+0000] {processor.py:840} INFO - DAG(s) 'lakehouse_bronze_silver_gold' retrieved from /opt/airflow/dags/lakehouse_bsg_dag.py
[2026-02-17T23:34:16.978+0000] {logging_mixin.py:188} INFO - [2026-02-17T23:34:16.978+0000] {dag.py:3089} INFO - Sync 1 DAGs
[2026-02-17T23:34:16.988+0000] {logging_mixin.py:188} INFO - [2026-02-17T23:34:16.988+0000] {dag.py:3947} INFO - Setting next_dagrun for lakehouse_bronze_silver_gold to None, run_after=None
[2026-02-17T23:34:17.003+0000] {processor.py:183} INFO - Processing /opt/airflow/dags/lakehouse_bsg_dag.py took 0.075 seconds
[2026-02-17T23:34:49.931+0000] {processor.py:161} INFO - Started process (PID=436) to work on /opt/airflow/dags/lakehouse_bsg_dag.py
[2026-02-17T23:34:49.933+0000] {processor.py:830} INFO - Processing file /opt/airflow/dags/lakehouse_bsg_dag.py for tasks to queue
[2026-02-17T23:34:49.935+0000] {logging_mixin.py:188} INFO - [2026-02-17T23:34:49.934+0000] {dagbag.py:545} INFO - Filling up the DagBag from /opt/airflow/dags/lakehouse_bsg_dag.py
[2026-02-17T23:34:49.963+0000] {processor.py:840} INFO - DAG(s) 'lakehouse_bronze_silver_gold' retrieved from /opt/airflow/dags/lakehouse_bsg_dag.py
[2026-02-17T23:34:49.986+0000] {logging_mixin.py:188} INFO - [2026-02-17T23:34:49.986+0000] {dag.py:3089} INFO - Sync 1 DAGs
[2026-02-17T23:34:49.995+0000] {logging_mixin.py:188} INFO - [2026-02-17T23:34:49.995+0000] {dag.py:3947} INFO - Setting next_dagrun for lakehouse_bronze_silver_gold to None, run_after=None
[2026-02-17T23:34:50.011+0000] {processor.py:183} INFO - Processing /opt/airflow/dags/lakehouse_bsg_dag.py took 0.084 seconds
[2026-02-17T23:35:22.843+0000] {processor.py:161} INFO - Started process (PID=441) to work on /opt/airflow/dags/lakehouse_bsg_dag.py
[2026-02-17T23:35:22.844+0000] {processor.py:830} INFO - Processing file /opt/airflow/dags/lakehouse_bsg_dag.py for tasks to queue
[2026-02-17T23:35:22.846+0000] {logging_mixin.py:188} INFO - [2026-02-17T23:35:22.846+0000] {dagbag.py:545} INFO - Filling up the DagBag from /opt/airflow/dags/lakehouse_bsg_dag.py
[2026-02-17T23:35:22.861+0000] {processor.py:840} INFO - DAG(s) 'lakehouse_bronze_silver_gold' retrieved from /opt/airflow/dags/lakehouse_bsg_dag.py
[2026-02-17T23:35:22.888+0000] {logging_mixin.py:188} INFO - [2026-02-17T23:35:22.887+0000] {dag.py:3089} INFO - Sync 1 DAGs
[2026-02-17T23:35:22.897+0000] {logging_mixin.py:188} INFO - [2026-02-17T23:35:22.897+0000] {dag.py:3947} INFO - Setting next_dagrun for lakehouse_bronze_silver_gold to None, run_after=None
[2026-02-17T23:35:22.914+0000] {processor.py:183} INFO - Processing /opt/airflow/dags/lakehouse_bsg_dag.py took 0.075 seconds
[2026-02-17T23:35:55.833+0000] {processor.py:161} INFO - Started process (PID=446) to work on /opt/airflow/dags/lakehouse_bsg_dag.py
[2026-02-17T23:35:55.834+0000] {processor.py:830} INFO - Processing file /opt/airflow/dags/lakehouse_bsg_dag.py for tasks to queue
[2026-02-17T23:35:55.842+0000] {logging_mixin.py:188} INFO - [2026-02-17T23:35:55.841+0000] {dagbag.py:545} INFO - Filling up the DagBag from /opt/airflow/dags/lakehouse_bsg_dag.py
[2026-02-17T23:35:55.859+0000] {processor.py:840} INFO - DAG(s) 'lakehouse_bronze_silver_gold' retrieved from /opt/airflow/dags/lakehouse_bsg_dag.py
[2026-02-17T23:35:55.881+0000] {logging_mixin.py:188} INFO - [2026-02-17T23:35:55.881+0000] {dag.py:3089} INFO - Sync 1 DAGs
[2026-02-17T23:35:55.891+0000] {logging_mixin.py:188} INFO - [2026-02-17T23:35:55.891+0000] {dag.py:3947} INFO - Setting next_dagrun for lakehouse_bronze_silver_gold to None, run_after=None
[2026-02-17T23:35:55.911+0000] {processor.py:183} INFO - Processing /opt/airflow/dags/lakehouse_bsg_dag.py took 0.082 seconds
[2026-02-17T23:36:27.844+0000] {processor.py:161} INFO - Started process (PID=451) to work on /opt/airflow/dags/lakehouse_bsg_dag.py
[2026-02-17T23:36:27.845+0000] {processor.py:830} INFO - Processing file /opt/airflow/dags/lakehouse_bsg_dag.py for tasks to queue
[2026-02-17T23:36:27.846+0000] {logging_mixin.py:188} INFO - [2026-02-17T23:36:27.846+0000] {dagbag.py:545} INFO - Filling up the DagBag from /opt/airflow/dags/lakehouse_bsg_dag.py
[2026-02-17T23:36:27.859+0000] {processor.py:840} INFO - DAG(s) 'lakehouse_bronze_silver_gold' retrieved from /opt/airflow/dags/lakehouse_bsg_dag.py
[2026-02-17T23:36:27.883+0000] {logging_mixin.py:188} INFO - [2026-02-17T23:36:27.882+0000] {dag.py:3089} INFO - Sync 1 DAGs
[2026-02-17T23:36:27.892+0000] {logging_mixin.py:188} INFO - [2026-02-17T23:36:27.892+0000] {dag.py:3947} INFO - Setting next_dagrun for lakehouse_bronze_silver_gold to None, run_after=None
[2026-02-17T23:36:27.909+0000] {processor.py:183} INFO - Processing /opt/airflow/dags/lakehouse_bsg_dag.py took 0.070 seconds
[2026-02-17T23:37:00.805+0000] {processor.py:161} INFO - Started process (PID=456) to work on /opt/airflow/dags/lakehouse_bsg_dag.py
[2026-02-17T23:37:00.807+0000] {processor.py:830} INFO - Processing file /opt/airflow/dags/lakehouse_bsg_dag.py for tasks to queue
[2026-02-17T23:37:00.808+0000] {logging_mixin.py:188} INFO - [2026-02-17T23:37:00.808+0000] {dagbag.py:545} INFO - Filling up the DagBag from /opt/airflow/dags/lakehouse_bsg_dag.py
[2026-02-17T23:37:00.825+0000] {processor.py:840} INFO - DAG(s) 'lakehouse_bronze_silver_gold' retrieved from /opt/airflow/dags/lakehouse_bsg_dag.py
[2026-02-17T23:37:00.852+0000] {logging_mixin.py:188} INFO - [2026-02-17T23:37:00.852+0000] {dag.py:3089} INFO - Sync 1 DAGs
[2026-02-17T23:37:00.863+0000] {logging_mixin.py:188} INFO - [2026-02-17T23:37:00.863+0000] {dag.py:3947} INFO - Setting next_dagrun for lakehouse_bronze_silver_gold to None, run_after=None
[2026-02-17T23:37:00.886+0000] {processor.py:183} INFO - Processing /opt/airflow/dags/lakehouse_bsg_dag.py took 0.087 seconds
[2026-02-17T23:37:33.762+0000] {processor.py:161} INFO - Started process (PID=461) to work on /opt/airflow/dags/lakehouse_bsg_dag.py
[2026-02-17T23:37:33.763+0000] {processor.py:830} INFO - Processing file /opt/airflow/dags/lakehouse_bsg_dag.py for tasks to queue
[2026-02-17T23:37:33.765+0000] {logging_mixin.py:188} INFO - [2026-02-17T23:37:33.764+0000] {dagbag.py:545} INFO - Filling up the DagBag from /opt/airflow/dags/lakehouse_bsg_dag.py
[2026-02-17T23:37:33.808+0000] {processor.py:840} INFO - DAG(s) 'lakehouse_bronze_silver_gold' retrieved from /opt/airflow/dags/lakehouse_bsg_dag.py
[2026-02-17T23:37:33.833+0000] {logging_mixin.py:188} INFO - [2026-02-17T23:37:33.833+0000] {dag.py:3089} INFO - Sync 1 DAGs
[2026-02-17T23:37:33.843+0000] {logging_mixin.py:188} INFO - [2026-02-17T23:37:33.843+0000] {dag.py:3947} INFO - Setting next_dagrun for lakehouse_bronze_silver_gold to None, run_after=None
[2026-02-17T23:37:33.863+0000] {processor.py:183} INFO - Processing /opt/airflow/dags/lakehouse_bsg_dag.py took 0.105 seconds
[2026-02-17T23:38:06.725+0000] {processor.py:161} INFO - Started process (PID=466) to work on /opt/airflow/dags/lakehouse_bsg_dag.py
[2026-02-17T23:38:06.727+0000] {processor.py:830} INFO - Processing file /opt/airflow/dags/lakehouse_bsg_dag.py for tasks to queue
[2026-02-17T23:38:06.729+0000] {logging_mixin.py:188} INFO - [2026-02-17T23:38:06.728+0000] {dagbag.py:545} INFO - Filling up the DagBag from /opt/airflow/dags/lakehouse_bsg_dag.py
[2026-02-17T23:38:06.745+0000] {processor.py:840} INFO - DAG(s) 'lakehouse_bronze_silver_gold' retrieved from /opt/airflow/dags/lakehouse_bsg_dag.py
[2026-02-17T23:38:06.768+0000] {logging_mixin.py:188} INFO - [2026-02-17T23:38:06.767+0000] {dag.py:3089} INFO - Sync 1 DAGs
[2026-02-17T23:38:06.777+0000] {logging_mixin.py:188} INFO - [2026-02-17T23:38:06.777+0000] {dag.py:3947} INFO - Setting next_dagrun for lakehouse_bronze_silver_gold to None, run_after=None
[2026-02-17T23:38:06.792+0000] {processor.py:183} INFO - Processing /opt/airflow/dags/lakehouse_bsg_dag.py took 0.072 seconds
[2026-02-17T23:38:39.757+0000] {processor.py:161} INFO - Started process (PID=471) to work on /opt/airflow/dags/lakehouse_bsg_dag.py
[2026-02-17T23:38:39.758+0000] {processor.py:830} INFO - Processing file /opt/airflow/dags/lakehouse_bsg_dag.py for tasks to queue
[2026-02-17T23:38:39.760+0000] {logging_mixin.py:188} INFO - [2026-02-17T23:38:39.760+0000] {dagbag.py:545} INFO - Filling up the DagBag from /opt/airflow/dags/lakehouse_bsg_dag.py
[2026-02-17T23:38:39.775+0000] {processor.py:840} INFO - DAG(s) 'lakehouse_bronze_silver_gold' retrieved from /opt/airflow/dags/lakehouse_bsg_dag.py
[2026-02-17T23:38:39.798+0000] {logging_mixin.py:188} INFO - [2026-02-17T23:38:39.798+0000] {dag.py:3089} INFO - Sync 1 DAGs
[2026-02-17T23:38:39.807+0000] {logging_mixin.py:188} INFO - [2026-02-17T23:38:39.807+0000] {dag.py:3947} INFO - Setting next_dagrun for lakehouse_bronze_silver_gold to None, run_after=None
[2026-02-17T23:38:39.823+0000] {processor.py:183} INFO - Processing /opt/airflow/dags/lakehouse_bsg_dag.py took 0.071 seconds
[2026-02-17T23:39:11.682+0000] {processor.py:161} INFO - Started process (PID=476) to work on /opt/airflow/dags/lakehouse_bsg_dag.py
[2026-02-17T23:39:11.683+0000] {processor.py:830} INFO - Processing file /opt/airflow/dags/lakehouse_bsg_dag.py for tasks to queue
[2026-02-17T23:39:11.685+0000] {logging_mixin.py:188} INFO - [2026-02-17T23:39:11.685+0000] {dagbag.py:545} INFO - Filling up the DagBag from /opt/airflow/dags/lakehouse_bsg_dag.py
[2026-02-17T23:39:11.748+0000] {processor.py:840} INFO - DAG(s) 'lakehouse_bronze_silver_gold' retrieved from /opt/airflow/dags/lakehouse_bsg_dag.py
[2026-02-17T23:39:11.772+0000] {logging_mixin.py:188} INFO - [2026-02-17T23:39:11.772+0000] {dag.py:3089} INFO - Sync 1 DAGs
[2026-02-17T23:39:11.782+0000] {logging_mixin.py:188} INFO - [2026-02-17T23:39:11.782+0000] {dag.py:3947} INFO - Setting next_dagrun for lakehouse_bronze_silver_gold to None, run_after=None
[2026-02-17T23:39:11.799+0000] {processor.py:183} INFO - Processing /opt/airflow/dags/lakehouse_bsg_dag.py took 0.121 seconds
[2026-02-17T23:39:44.660+0000] {processor.py:161} INFO - Started process (PID=481) to work on /opt/airflow/dags/lakehouse_bsg_dag.py
[2026-02-17T23:39:44.661+0000] {processor.py:830} INFO - Processing file /opt/airflow/dags/lakehouse_bsg_dag.py for tasks to queue
[2026-02-17T23:39:44.662+0000] {logging_mixin.py:188} INFO - [2026-02-17T23:39:44.662+0000] {dagbag.py:545} INFO - Filling up the DagBag from /opt/airflow/dags/lakehouse_bsg_dag.py
[2026-02-17T23:39:44.678+0000] {processor.py:840} INFO - DAG(s) 'lakehouse_bronze_silver_gold' retrieved from /opt/airflow/dags/lakehouse_bsg_dag.py
[2026-02-17T23:39:44.702+0000] {logging_mixin.py:188} INFO - [2026-02-17T23:39:44.702+0000] {dag.py:3089} INFO - Sync 1 DAGs
[2026-02-17T23:39:44.711+0000] {logging_mixin.py:188} INFO - [2026-02-17T23:39:44.711+0000] {dag.py:3947} INFO - Setting next_dagrun for lakehouse_bronze_silver_gold to None, run_after=None
[2026-02-17T23:39:44.725+0000] {processor.py:183} INFO - Processing /opt/airflow/dags/lakehouse_bsg_dag.py took 0.069 seconds
[2026-02-17T23:40:17.619+0000] {processor.py:161} INFO - Started process (PID=486) to work on /opt/airflow/dags/lakehouse_bsg_dag.py
[2026-02-17T23:40:17.620+0000] {processor.py:830} INFO - Processing file /opt/airflow/dags/lakehouse_bsg_dag.py for tasks to queue
[2026-02-17T23:40:17.622+0000] {logging_mixin.py:188} INFO - [2026-02-17T23:40:17.621+0000] {dagbag.py:545} INFO - Filling up the DagBag from /opt/airflow/dags/lakehouse_bsg_dag.py
[2026-02-17T23:40:17.636+0000] {processor.py:840} INFO - DAG(s) 'lakehouse_bronze_silver_gold' retrieved from /opt/airflow/dags/lakehouse_bsg_dag.py
[2026-02-17T23:40:17.660+0000] {logging_mixin.py:188} INFO - [2026-02-17T23:40:17.660+0000] {dag.py:3089} INFO - Sync 1 DAGs
[2026-02-17T23:40:17.670+0000] {logging_mixin.py:188} INFO - [2026-02-17T23:40:17.670+0000] {dag.py:3947} INFO - Setting next_dagrun for lakehouse_bronze_silver_gold to None, run_after=None
[2026-02-17T23:40:17.684+0000] {processor.py:183} INFO - Processing /opt/airflow/dags/lakehouse_bsg_dag.py took 0.069 seconds
[2026-02-17T23:40:50.533+0000] {processor.py:161} INFO - Started process (PID=491) to work on /opt/airflow/dags/lakehouse_bsg_dag.py
[2026-02-17T23:40:50.534+0000] {processor.py:830} INFO - Processing file /opt/airflow/dags/lakehouse_bsg_dag.py for tasks to queue
[2026-02-17T23:40:50.535+0000] {logging_mixin.py:188} INFO - [2026-02-17T23:40:50.535+0000] {dagbag.py:545} INFO - Filling up the DagBag from /opt/airflow/dags/lakehouse_bsg_dag.py
[2026-02-17T23:40:50.550+0000] {processor.py:840} INFO - DAG(s) 'lakehouse_bronze_silver_gold' retrieved from /opt/airflow/dags/lakehouse_bsg_dag.py
[2026-02-17T23:40:50.573+0000] {logging_mixin.py:188} INFO - [2026-02-17T23:40:50.572+0000] {dag.py:3089} INFO - Sync 1 DAGs
[2026-02-17T23:40:50.582+0000] {logging_mixin.py:188} INFO - [2026-02-17T23:40:50.582+0000] {dag.py:3947} INFO - Setting next_dagrun for lakehouse_bronze_silver_gold to None, run_after=None
[2026-02-17T23:40:50.600+0000] {processor.py:183} INFO - Processing /opt/airflow/dags/lakehouse_bsg_dag.py took 0.072 seconds
[2026-02-17T23:41:22.490+0000] {processor.py:161} INFO - Started process (PID=496) to work on /opt/airflow/dags/lakehouse_bsg_dag.py
[2026-02-17T23:41:22.491+0000] {processor.py:830} INFO - Processing file /opt/airflow/dags/lakehouse_bsg_dag.py for tasks to queue
[2026-02-17T23:41:22.494+0000] {logging_mixin.py:188} INFO - [2026-02-17T23:41:22.493+0000] {dagbag.py:545} INFO - Filling up the DagBag from /opt/airflow/dags/lakehouse_bsg_dag.py
[2026-02-17T23:41:22.507+0000] {processor.py:840} INFO - DAG(s) 'lakehouse_bronze_silver_gold' retrieved from /opt/airflow/dags/lakehouse_bsg_dag.py
[2026-02-17T23:41:22.530+0000] {logging_mixin.py:188} INFO - [2026-02-17T23:41:22.530+0000] {dag.py:3089} INFO - Sync 1 DAGs
[2026-02-17T23:41:22.541+0000] {logging_mixin.py:188} INFO - [2026-02-17T23:41:22.540+0000] {dag.py:3947} INFO - Setting next_dagrun for lakehouse_bronze_silver_gold to None, run_after=None
[2026-02-17T23:41:22.557+0000] {processor.py:183} INFO - Processing /opt/airflow/dags/lakehouse_bsg_dag.py took 0.070 seconds
[2026-02-17T23:41:55.526+0000] {processor.py:161} INFO - Started process (PID=501) to work on /opt/airflow/dags/lakehouse_bsg_dag.py
[2026-02-17T23:41:55.527+0000] {processor.py:830} INFO - Processing file /opt/airflow/dags/lakehouse_bsg_dag.py for tasks to queue
[2026-02-17T23:41:55.529+0000] {logging_mixin.py:188} INFO - [2026-02-17T23:41:55.529+0000] {dagbag.py:545} INFO - Filling up the DagBag from /opt/airflow/dags/lakehouse_bsg_dag.py
[2026-02-17T23:41:55.546+0000] {processor.py:840} INFO - DAG(s) 'lakehouse_bronze_silver_gold' retrieved from /opt/airflow/dags/lakehouse_bsg_dag.py
[2026-02-17T23:41:55.574+0000] {logging_mixin.py:188} INFO - [2026-02-17T23:41:55.574+0000] {dag.py:3089} INFO - Sync 1 DAGs
[2026-02-17T23:41:55.585+0000] {logging_mixin.py:188} INFO - [2026-02-17T23:41:55.585+0000] {dag.py:3947} INFO - Setting next_dagrun for lakehouse_bronze_silver_gold to None, run_after=None
[2026-02-17T23:41:55.602+0000] {processor.py:183} INFO - Processing /opt/airflow/dags/lakehouse_bsg_dag.py took 0.082 seconds
[2026-02-17T23:42:28.504+0000] {processor.py:161} INFO - Started process (PID=506) to work on /opt/airflow/dags/lakehouse_bsg_dag.py
[2026-02-17T23:42:28.505+0000] {processor.py:830} INFO - Processing file /opt/airflow/dags/lakehouse_bsg_dag.py for tasks to queue
[2026-02-17T23:42:28.507+0000] {logging_mixin.py:188} INFO - [2026-02-17T23:42:28.507+0000] {dagbag.py:545} INFO - Filling up the DagBag from /opt/airflow/dags/lakehouse_bsg_dag.py
[2026-02-17T23:42:28.524+0000] {processor.py:840} INFO - DAG(s) 'lakehouse_bronze_silver_gold' retrieved from /opt/airflow/dags/lakehouse_bsg_dag.py
[2026-02-17T23:42:28.549+0000] {logging_mixin.py:188} INFO - [2026-02-17T23:42:28.549+0000] {dag.py:3089} INFO - Sync 1 DAGs
[2026-02-17T23:42:28.558+0000] {logging_mixin.py:188} INFO - [2026-02-17T23:42:28.558+0000] {dag.py:3947} INFO - Setting next_dagrun for lakehouse_bronze_silver_gold to None, run_after=None
[2026-02-17T23:42:28.573+0000] {processor.py:183} INFO - Processing /opt/airflow/dags/lakehouse_bsg_dag.py took 0.073 seconds
[2026-02-17T23:43:01.454+0000] {processor.py:161} INFO - Started process (PID=511) to work on /opt/airflow/dags/lakehouse_bsg_dag.py
[2026-02-17T23:43:01.455+0000] {processor.py:830} INFO - Processing file /opt/airflow/dags/lakehouse_bsg_dag.py for tasks to queue
[2026-02-17T23:43:01.457+0000] {logging_mixin.py:188} INFO - [2026-02-17T23:43:01.456+0000] {dagbag.py:545} INFO - Filling up the DagBag from /opt/airflow/dags/lakehouse_bsg_dag.py
[2026-02-17T23:43:01.472+0000] {processor.py:840} INFO - DAG(s) 'lakehouse_bronze_silver_gold' retrieved from /opt/airflow/dags/lakehouse_bsg_dag.py
[2026-02-17T23:43:01.498+0000] {logging_mixin.py:188} INFO - [2026-02-17T23:43:01.498+0000] {dag.py:3089} INFO - Sync 1 DAGs
[2026-02-17T23:43:01.508+0000] {logging_mixin.py:188} INFO - [2026-02-17T23:43:01.508+0000] {dag.py:3947} INFO - Setting next_dagrun for lakehouse_bronze_silver_gold to None, run_after=None
[2026-02-17T23:43:01.530+0000] {processor.py:183} INFO - Processing /opt/airflow/dags/lakehouse_bsg_dag.py took 0.079 seconds
[2026-02-17T23:43:33.403+0000] {processor.py:161} INFO - Started process (PID=516) to work on /opt/airflow/dags/lakehouse_bsg_dag.py
[2026-02-17T23:43:33.405+0000] {processor.py:830} INFO - Processing file /opt/airflow/dags/lakehouse_bsg_dag.py for tasks to queue
[2026-02-17T23:43:33.407+0000] {logging_mixin.py:188} INFO - [2026-02-17T23:43:33.406+0000] {dagbag.py:545} INFO - Filling up the DagBag from /opt/airflow/dags/lakehouse_bsg_dag.py
[2026-02-17T23:43:33.422+0000] {processor.py:840} INFO - DAG(s) 'lakehouse_bronze_silver_gold' retrieved from /opt/airflow/dags/lakehouse_bsg_dag.py
[2026-02-17T23:43:33.446+0000] {logging_mixin.py:188} INFO - [2026-02-17T23:43:33.445+0000] {dag.py:3089} INFO - Sync 1 DAGs
[2026-02-17T23:43:33.455+0000] {logging_mixin.py:188} INFO - [2026-02-17T23:43:33.455+0000] {dag.py:3947} INFO - Setting next_dagrun for lakehouse_bronze_silver_gold to None, run_after=None
[2026-02-17T23:43:33.470+0000] {processor.py:183} INFO - Processing /opt/airflow/dags/lakehouse_bsg_dag.py took 0.071 seconds
[2026-02-17T23:44:06.347+0000] {processor.py:161} INFO - Started process (PID=521) to work on /opt/airflow/dags/lakehouse_bsg_dag.py
[2026-02-17T23:44:06.348+0000] {processor.py:830} INFO - Processing file /opt/airflow/dags/lakehouse_bsg_dag.py for tasks to queue
[2026-02-17T23:44:06.350+0000] {logging_mixin.py:188} INFO - [2026-02-17T23:44:06.349+0000] {dagbag.py:545} INFO - Filling up the DagBag from /opt/airflow/dags/lakehouse_bsg_dag.py
[2026-02-17T23:44:06.364+0000] {processor.py:840} INFO - DAG(s) 'lakehouse_bronze_silver_gold' retrieved from /opt/airflow/dags/lakehouse_bsg_dag.py
[2026-02-17T23:44:06.388+0000] {logging_mixin.py:188} INFO - [2026-02-17T23:44:06.388+0000] {dag.py:3089} INFO - Sync 1 DAGs
[2026-02-17T23:44:06.398+0000] {logging_mixin.py:188} INFO - [2026-02-17T23:44:06.398+0000] {dag.py:3947} INFO - Setting next_dagrun for lakehouse_bronze_silver_gold to None, run_after=None
[2026-02-17T23:44:06.416+0000] {processor.py:183} INFO - Processing /opt/airflow/dags/lakehouse_bsg_dag.py took 0.073 seconds
[2026-02-17T23:44:39.316+0000] {processor.py:161} INFO - Started process (PID=526) to work on /opt/airflow/dags/lakehouse_bsg_dag.py
[2026-02-17T23:44:39.317+0000] {processor.py:830} INFO - Processing file /opt/airflow/dags/lakehouse_bsg_dag.py for tasks to queue
[2026-02-17T23:44:39.318+0000] {logging_mixin.py:188} INFO - [2026-02-17T23:44:39.318+0000] {dagbag.py:545} INFO - Filling up the DagBag from /opt/airflow/dags/lakehouse_bsg_dag.py
[2026-02-17T23:44:39.334+0000] {processor.py:840} INFO - DAG(s) 'lakehouse_bronze_silver_gold' retrieved from /opt/airflow/dags/lakehouse_bsg_dag.py
[2026-02-17T23:44:39.358+0000] {logging_mixin.py:188} INFO - [2026-02-17T23:44:39.358+0000] {dag.py:3089} INFO - Sync 1 DAGs
[2026-02-17T23:44:39.368+0000] {logging_mixin.py:188} INFO - [2026-02-17T23:44:39.368+0000] {dag.py:3947} INFO - Setting next_dagrun for lakehouse_bronze_silver_gold to None, run_after=None
[2026-02-17T23:44:39.383+0000] {processor.py:183} INFO - Processing /opt/airflow/dags/lakehouse_bsg_dag.py took 0.071 seconds
[2026-02-17T23:45:12.228+0000] {processor.py:161} INFO - Started process (PID=531) to work on /opt/airflow/dags/lakehouse_bsg_dag.py
[2026-02-17T23:45:12.229+0000] {processor.py:830} INFO - Processing file /opt/airflow/dags/lakehouse_bsg_dag.py for tasks to queue
[2026-02-17T23:45:12.231+0000] {logging_mixin.py:188} INFO - [2026-02-17T23:45:12.231+0000] {dagbag.py:545} INFO - Filling up the DagBag from /opt/airflow/dags/lakehouse_bsg_dag.py
[2026-02-17T23:45:12.245+0000] {processor.py:840} INFO - DAG(s) 'lakehouse_bronze_silver_gold' retrieved from /opt/airflow/dags/lakehouse_bsg_dag.py
[2026-02-17T23:45:12.271+0000] {logging_mixin.py:188} INFO - [2026-02-17T23:45:12.271+0000] {dag.py:3089} INFO - Sync 1 DAGs
[2026-02-17T23:45:12.281+0000] {logging_mixin.py:188} INFO - [2026-02-17T23:45:12.280+0000] {dag.py:3947} INFO - Setting next_dagrun for lakehouse_bronze_silver_gold to None, run_after=None
[2026-02-17T23:45:12.295+0000] {processor.py:183} INFO - Processing /opt/airflow/dags/lakehouse_bsg_dag.py took 0.071 seconds
[2026-02-17T23:45:45.204+0000] {processor.py:161} INFO - Started process (PID=536) to work on /opt/airflow/dags/lakehouse_bsg_dag.py
[2026-02-17T23:45:45.205+0000] {processor.py:830} INFO - Processing file /opt/airflow/dags/lakehouse_bsg_dag.py for tasks to queue
[2026-02-17T23:45:45.207+0000] {logging_mixin.py:188} INFO - [2026-02-17T23:45:45.207+0000] {dagbag.py:545} INFO - Filling up the DagBag from /opt/airflow/dags/lakehouse_bsg_dag.py
[2026-02-17T23:45:45.230+0000] {processor.py:840} INFO - DAG(s) 'lakehouse_bronze_silver_gold' retrieved from /opt/airflow/dags/lakehouse_bsg_dag.py
[2026-02-17T23:45:45.258+0000] {logging_mixin.py:188} INFO - [2026-02-17T23:45:45.258+0000] {dag.py:3089} INFO - Sync 1 DAGs
[2026-02-17T23:45:45.268+0000] {logging_mixin.py:188} INFO - [2026-02-17T23:45:45.268+0000] {dag.py:3947} INFO - Setting next_dagrun for lakehouse_bronze_silver_gold to None, run_after=None
[2026-02-17T23:45:45.285+0000] {processor.py:183} INFO - Processing /opt/airflow/dags/lakehouse_bsg_dag.py took 0.086 seconds
