[2026-02-19T00:00:21.978+0000] {processor.py:161} INFO - Started process (PID=4234) to work on /opt/airflow/dags/lakehouse_bsg_dag.py
[2026-02-19T00:00:21.979+0000] {processor.py:830} INFO - Processing file /opt/airflow/dags/lakehouse_bsg_dag.py for tasks to queue
[2026-02-19T00:00:21.980+0000] {logging_mixin.py:188} INFO - [2026-02-19T00:00:21.980+0000] {dagbag.py:545} INFO - Filling up the DagBag from /opt/airflow/dags/lakehouse_bsg_dag.py
[2026-02-19T00:00:22.001+0000] {processor.py:840} INFO - DAG(s) 'lakehouse_bronze_silver_gold' retrieved from /opt/airflow/dags/lakehouse_bsg_dag.py
[2026-02-19T00:00:22.023+0000] {logging_mixin.py:188} INFO - [2026-02-19T00:00:22.023+0000] {dag.py:3089} INFO - Sync 1 DAGs
[2026-02-19T00:00:22.033+0000] {logging_mixin.py:188} INFO - [2026-02-19T00:00:22.032+0000] {dag.py:3947} INFO - Setting next_dagrun for lakehouse_bronze_silver_gold to None, run_after=None
[2026-02-19T00:00:22.047+0000] {processor.py:183} INFO - Processing /opt/airflow/dags/lakehouse_bsg_dag.py took 0.073 seconds
[2026-02-19T00:00:55.537+0000] {processor.py:161} INFO - Started process (PID=4239) to work on /opt/airflow/dags/lakehouse_bsg_dag.py
[2026-02-19T00:00:55.538+0000] {processor.py:830} INFO - Processing file /opt/airflow/dags/lakehouse_bsg_dag.py for tasks to queue
[2026-02-19T00:00:55.539+0000] {logging_mixin.py:188} INFO - [2026-02-19T00:00:55.539+0000] {dagbag.py:545} INFO - Filling up the DagBag from /opt/airflow/dags/lakehouse_bsg_dag.py
[2026-02-19T00:00:55.553+0000] {processor.py:840} INFO - DAG(s) 'lakehouse_bronze_silver_gold' retrieved from /opt/airflow/dags/lakehouse_bsg_dag.py
[2026-02-19T00:00:55.578+0000] {logging_mixin.py:188} INFO - [2026-02-19T00:00:55.578+0000] {dag.py:3089} INFO - Sync 1 DAGs
[2026-02-19T00:00:55.587+0000] {logging_mixin.py:188} INFO - [2026-02-19T00:00:55.587+0000] {dag.py:3947} INFO - Setting next_dagrun for lakehouse_bronze_silver_gold to None, run_after=None
[2026-02-19T00:00:55.601+0000] {processor.py:183} INFO - Processing /opt/airflow/dags/lakehouse_bsg_dag.py took 0.068 seconds
[2026-02-19T00:01:29.113+0000] {processor.py:161} INFO - Started process (PID=4244) to work on /opt/airflow/dags/lakehouse_bsg_dag.py
[2026-02-19T00:01:29.114+0000] {processor.py:830} INFO - Processing file /opt/airflow/dags/lakehouse_bsg_dag.py for tasks to queue
[2026-02-19T00:01:29.116+0000] {logging_mixin.py:188} INFO - [2026-02-19T00:01:29.116+0000] {dagbag.py:545} INFO - Filling up the DagBag from /opt/airflow/dags/lakehouse_bsg_dag.py
[2026-02-19T00:01:29.131+0000] {processor.py:840} INFO - DAG(s) 'lakehouse_bronze_silver_gold' retrieved from /opt/airflow/dags/lakehouse_bsg_dag.py
[2026-02-19T00:01:29.154+0000] {logging_mixin.py:188} INFO - [2026-02-19T00:01:29.153+0000] {dag.py:3089} INFO - Sync 1 DAGs
[2026-02-19T00:01:29.163+0000] {logging_mixin.py:188} INFO - [2026-02-19T00:01:29.163+0000] {dag.py:3947} INFO - Setting next_dagrun for lakehouse_bronze_silver_gold to None, run_after=None
[2026-02-19T00:01:29.177+0000] {processor.py:183} INFO - Processing /opt/airflow/dags/lakehouse_bsg_dag.py took 0.068 seconds
[2026-02-19T00:02:01.669+0000] {processor.py:161} INFO - Started process (PID=4249) to work on /opt/airflow/dags/lakehouse_bsg_dag.py
[2026-02-19T00:02:01.670+0000] {processor.py:830} INFO - Processing file /opt/airflow/dags/lakehouse_bsg_dag.py for tasks to queue
[2026-02-19T00:02:01.671+0000] {logging_mixin.py:188} INFO - [2026-02-19T00:02:01.671+0000] {dagbag.py:545} INFO - Filling up the DagBag from /opt/airflow/dags/lakehouse_bsg_dag.py
[2026-02-19T00:02:01.685+0000] {processor.py:840} INFO - DAG(s) 'lakehouse_bronze_silver_gold' retrieved from /opt/airflow/dags/lakehouse_bsg_dag.py
[2026-02-19T00:02:01.706+0000] {logging_mixin.py:188} INFO - [2026-02-19T00:02:01.706+0000] {dag.py:3089} INFO - Sync 1 DAGs
[2026-02-19T00:02:01.715+0000] {logging_mixin.py:188} INFO - [2026-02-19T00:02:01.715+0000] {dag.py:3947} INFO - Setting next_dagrun for lakehouse_bronze_silver_gold to None, run_after=None
[2026-02-19T00:02:01.730+0000] {processor.py:183} INFO - Processing /opt/airflow/dags/lakehouse_bsg_dag.py took 0.065 seconds
[2026-02-19T00:02:35.208+0000] {processor.py:161} INFO - Started process (PID=4254) to work on /opt/airflow/dags/lakehouse_bsg_dag.py
[2026-02-19T00:02:35.209+0000] {processor.py:830} INFO - Processing file /opt/airflow/dags/lakehouse_bsg_dag.py for tasks to queue
[2026-02-19T00:02:35.211+0000] {logging_mixin.py:188} INFO - [2026-02-19T00:02:35.210+0000] {dagbag.py:545} INFO - Filling up the DagBag from /opt/airflow/dags/lakehouse_bsg_dag.py
[2026-02-19T00:02:35.225+0000] {processor.py:840} INFO - DAG(s) 'lakehouse_bronze_silver_gold' retrieved from /opt/airflow/dags/lakehouse_bsg_dag.py
[2026-02-19T00:02:35.251+0000] {logging_mixin.py:188} INFO - [2026-02-19T00:02:35.250+0000] {dag.py:3089} INFO - Sync 1 DAGs
[2026-02-19T00:02:35.262+0000] {logging_mixin.py:188} INFO - [2026-02-19T00:02:35.262+0000] {dag.py:3947} INFO - Setting next_dagrun for lakehouse_bronze_silver_gold to None, run_after=None
[2026-02-19T00:02:35.277+0000] {processor.py:183} INFO - Processing /opt/airflow/dags/lakehouse_bsg_dag.py took 0.074 seconds
[2026-02-19T00:03:08.758+0000] {processor.py:161} INFO - Started process (PID=4259) to work on /opt/airflow/dags/lakehouse_bsg_dag.py
[2026-02-19T00:03:08.760+0000] {processor.py:830} INFO - Processing file /opt/airflow/dags/lakehouse_bsg_dag.py for tasks to queue
[2026-02-19T00:03:08.762+0000] {logging_mixin.py:188} INFO - [2026-02-19T00:03:08.762+0000] {dagbag.py:545} INFO - Filling up the DagBag from /opt/airflow/dags/lakehouse_bsg_dag.py
[2026-02-19T00:03:08.782+0000] {processor.py:840} INFO - DAG(s) 'lakehouse_bronze_silver_gold' retrieved from /opt/airflow/dags/lakehouse_bsg_dag.py
[2026-02-19T00:03:08.807+0000] {logging_mixin.py:188} INFO - [2026-02-19T00:03:08.807+0000] {dag.py:3089} INFO - Sync 1 DAGs
[2026-02-19T00:03:08.816+0000] {logging_mixin.py:188} INFO - [2026-02-19T00:03:08.816+0000] {dag.py:3947} INFO - Setting next_dagrun for lakehouse_bronze_silver_gold to None, run_after=None
[2026-02-19T00:03:08.834+0000] {processor.py:183} INFO - Processing /opt/airflow/dags/lakehouse_bsg_dag.py took 0.080 seconds
[2026-02-19T00:03:42.293+0000] {processor.py:161} INFO - Started process (PID=4264) to work on /opt/airflow/dags/lakehouse_bsg_dag.py
[2026-02-19T00:03:42.294+0000] {processor.py:830} INFO - Processing file /opt/airflow/dags/lakehouse_bsg_dag.py for tasks to queue
[2026-02-19T00:03:42.296+0000] {logging_mixin.py:188} INFO - [2026-02-19T00:03:42.295+0000] {dagbag.py:545} INFO - Filling up the DagBag from /opt/airflow/dags/lakehouse_bsg_dag.py
[2026-02-19T00:03:42.309+0000] {processor.py:840} INFO - DAG(s) 'lakehouse_bronze_silver_gold' retrieved from /opt/airflow/dags/lakehouse_bsg_dag.py
[2026-02-19T00:03:42.333+0000] {logging_mixin.py:188} INFO - [2026-02-19T00:03:42.333+0000] {dag.py:3089} INFO - Sync 1 DAGs
[2026-02-19T00:03:42.341+0000] {logging_mixin.py:188} INFO - [2026-02-19T00:03:42.341+0000] {dag.py:3947} INFO - Setting next_dagrun for lakehouse_bronze_silver_gold to None, run_after=None
[2026-02-19T00:03:42.358+0000] {processor.py:183} INFO - Processing /opt/airflow/dags/lakehouse_bsg_dag.py took 0.069 seconds
[2026-02-19T00:04:15.944+0000] {processor.py:161} INFO - Started process (PID=4269) to work on /opt/airflow/dags/lakehouse_bsg_dag.py
[2026-02-19T00:04:15.946+0000] {processor.py:830} INFO - Processing file /opt/airflow/dags/lakehouse_bsg_dag.py for tasks to queue
[2026-02-19T00:04:15.948+0000] {logging_mixin.py:188} INFO - [2026-02-19T00:04:15.947+0000] {dagbag.py:545} INFO - Filling up the DagBag from /opt/airflow/dags/lakehouse_bsg_dag.py
[2026-02-19T00:04:15.961+0000] {processor.py:840} INFO - DAG(s) 'lakehouse_bronze_silver_gold' retrieved from /opt/airflow/dags/lakehouse_bsg_dag.py
[2026-02-19T00:04:15.983+0000] {logging_mixin.py:188} INFO - [2026-02-19T00:04:15.982+0000] {dag.py:3089} INFO - Sync 1 DAGs
[2026-02-19T00:04:15.992+0000] {logging_mixin.py:188} INFO - [2026-02-19T00:04:15.992+0000] {dag.py:3947} INFO - Setting next_dagrun for lakehouse_bronze_silver_gold to None, run_after=None
[2026-02-19T00:04:16.007+0000] {processor.py:183} INFO - Processing /opt/airflow/dags/lakehouse_bsg_dag.py took 0.067 seconds
[2026-02-19T00:04:48.482+0000] {processor.py:161} INFO - Started process (PID=4274) to work on /opt/airflow/dags/lakehouse_bsg_dag.py
[2026-02-19T00:04:48.482+0000] {processor.py:830} INFO - Processing file /opt/airflow/dags/lakehouse_bsg_dag.py for tasks to queue
[2026-02-19T00:04:48.484+0000] {logging_mixin.py:188} INFO - [2026-02-19T00:04:48.483+0000] {dagbag.py:545} INFO - Filling up the DagBag from /opt/airflow/dags/lakehouse_bsg_dag.py
[2026-02-19T00:04:48.501+0000] {processor.py:840} INFO - DAG(s) 'lakehouse_bronze_silver_gold' retrieved from /opt/airflow/dags/lakehouse_bsg_dag.py
[2026-02-19T00:04:48.523+0000] {logging_mixin.py:188} INFO - [2026-02-19T00:04:48.523+0000] {dag.py:3089} INFO - Sync 1 DAGs
[2026-02-19T00:04:48.531+0000] {logging_mixin.py:188} INFO - [2026-02-19T00:04:48.531+0000] {dag.py:3947} INFO - Setting next_dagrun for lakehouse_bronze_silver_gold to None, run_after=None
[2026-02-19T00:04:48.545+0000] {processor.py:183} INFO - Processing /opt/airflow/dags/lakehouse_bsg_dag.py took 0.068 seconds
[2026-02-19T00:05:22.013+0000] {processor.py:161} INFO - Started process (PID=4279) to work on /opt/airflow/dags/lakehouse_bsg_dag.py
[2026-02-19T00:05:22.014+0000] {processor.py:830} INFO - Processing file /opt/airflow/dags/lakehouse_bsg_dag.py for tasks to queue
[2026-02-19T00:05:22.016+0000] {logging_mixin.py:188} INFO - [2026-02-19T00:05:22.016+0000] {dagbag.py:545} INFO - Filling up the DagBag from /opt/airflow/dags/lakehouse_bsg_dag.py
[2026-02-19T00:05:22.035+0000] {processor.py:840} INFO - DAG(s) 'lakehouse_bronze_silver_gold' retrieved from /opt/airflow/dags/lakehouse_bsg_dag.py
[2026-02-19T00:05:22.062+0000] {logging_mixin.py:188} INFO - [2026-02-19T00:05:22.061+0000] {dag.py:3089} INFO - Sync 1 DAGs
[2026-02-19T00:05:22.072+0000] {logging_mixin.py:188} INFO - [2026-02-19T00:05:22.072+0000] {dag.py:3947} INFO - Setting next_dagrun for lakehouse_bronze_silver_gold to None, run_after=None
[2026-02-19T00:05:22.089+0000] {processor.py:183} INFO - Processing /opt/airflow/dags/lakehouse_bsg_dag.py took 0.081 seconds
[2026-02-19T00:05:55.554+0000] {processor.py:161} INFO - Started process (PID=4284) to work on /opt/airflow/dags/lakehouse_bsg_dag.py
[2026-02-19T00:05:55.554+0000] {processor.py:830} INFO - Processing file /opt/airflow/dags/lakehouse_bsg_dag.py for tasks to queue
[2026-02-19T00:05:55.556+0000] {logging_mixin.py:188} INFO - [2026-02-19T00:05:55.556+0000] {dagbag.py:545} INFO - Filling up the DagBag from /opt/airflow/dags/lakehouse_bsg_dag.py
[2026-02-19T00:05:55.570+0000] {processor.py:840} INFO - DAG(s) 'lakehouse_bronze_silver_gold' retrieved from /opt/airflow/dags/lakehouse_bsg_dag.py
[2026-02-19T00:05:55.593+0000] {logging_mixin.py:188} INFO - [2026-02-19T00:05:55.593+0000] {dag.py:3089} INFO - Sync 1 DAGs
[2026-02-19T00:05:55.603+0000] {logging_mixin.py:188} INFO - [2026-02-19T00:05:55.603+0000] {dag.py:3947} INFO - Setting next_dagrun for lakehouse_bronze_silver_gold to None, run_after=None
[2026-02-19T00:05:55.616+0000] {processor.py:183} INFO - Processing /opt/airflow/dags/lakehouse_bsg_dag.py took 0.066 seconds
[2026-02-19T00:06:29.106+0000] {processor.py:161} INFO - Started process (PID=4289) to work on /opt/airflow/dags/lakehouse_bsg_dag.py
[2026-02-19T00:06:29.107+0000] {processor.py:830} INFO - Processing file /opt/airflow/dags/lakehouse_bsg_dag.py for tasks to queue
[2026-02-19T00:06:29.109+0000] {logging_mixin.py:188} INFO - [2026-02-19T00:06:29.108+0000] {dagbag.py:545} INFO - Filling up the DagBag from /opt/airflow/dags/lakehouse_bsg_dag.py
[2026-02-19T00:06:29.124+0000] {processor.py:840} INFO - DAG(s) 'lakehouse_bronze_silver_gold' retrieved from /opt/airflow/dags/lakehouse_bsg_dag.py
[2026-02-19T00:06:29.148+0000] {logging_mixin.py:188} INFO - [2026-02-19T00:06:29.148+0000] {dag.py:3089} INFO - Sync 1 DAGs
[2026-02-19T00:06:29.157+0000] {logging_mixin.py:188} INFO - [2026-02-19T00:06:29.157+0000] {dag.py:3947} INFO - Setting next_dagrun for lakehouse_bronze_silver_gold to None, run_after=None
[2026-02-19T00:06:29.173+0000] {processor.py:183} INFO - Processing /opt/airflow/dags/lakehouse_bsg_dag.py took 0.071 seconds
[2026-02-19T00:07:02.575+0000] {processor.py:161} INFO - Started process (PID=4294) to work on /opt/airflow/dags/lakehouse_bsg_dag.py
[2026-02-19T00:07:02.575+0000] {processor.py:830} INFO - Processing file /opt/airflow/dags/lakehouse_bsg_dag.py for tasks to queue
[2026-02-19T00:07:02.577+0000] {logging_mixin.py:188} INFO - [2026-02-19T00:07:02.577+0000] {dagbag.py:545} INFO - Filling up the DagBag from /opt/airflow/dags/lakehouse_bsg_dag.py
[2026-02-19T00:07:02.590+0000] {processor.py:840} INFO - DAG(s) 'lakehouse_bronze_silver_gold' retrieved from /opt/airflow/dags/lakehouse_bsg_dag.py
[2026-02-19T00:07:02.612+0000] {logging_mixin.py:188} INFO - [2026-02-19T00:07:02.612+0000] {dag.py:3089} INFO - Sync 1 DAGs
[2026-02-19T00:07:02.621+0000] {logging_mixin.py:188} INFO - [2026-02-19T00:07:02.621+0000] {dag.py:3947} INFO - Setting next_dagrun for lakehouse_bronze_silver_gold to None, run_after=None
[2026-02-19T00:07:02.635+0000] {processor.py:183} INFO - Processing /opt/airflow/dags/lakehouse_bsg_dag.py took 0.064 seconds
[2026-02-19T00:07:35.139+0000] {processor.py:161} INFO - Started process (PID=4299) to work on /opt/airflow/dags/lakehouse_bsg_dag.py
[2026-02-19T00:07:35.140+0000] {processor.py:830} INFO - Processing file /opt/airflow/dags/lakehouse_bsg_dag.py for tasks to queue
[2026-02-19T00:07:35.143+0000] {logging_mixin.py:188} INFO - [2026-02-19T00:07:35.143+0000] {dagbag.py:545} INFO - Filling up the DagBag from /opt/airflow/dags/lakehouse_bsg_dag.py
[2026-02-19T00:07:35.164+0000] {processor.py:840} INFO - DAG(s) 'lakehouse_bronze_silver_gold' retrieved from /opt/airflow/dags/lakehouse_bsg_dag.py
[2026-02-19T00:07:35.190+0000] {logging_mixin.py:188} INFO - [2026-02-19T00:07:35.190+0000] {dag.py:3089} INFO - Sync 1 DAGs
[2026-02-19T00:07:35.200+0000] {logging_mixin.py:188} INFO - [2026-02-19T00:07:35.200+0000] {dag.py:3947} INFO - Setting next_dagrun for lakehouse_bronze_silver_gold to None, run_after=None
[2026-02-19T00:07:35.216+0000] {processor.py:183} INFO - Processing /opt/airflow/dags/lakehouse_bsg_dag.py took 0.081 seconds
[2026-02-19T00:08:08.652+0000] {processor.py:161} INFO - Started process (PID=4304) to work on /opt/airflow/dags/lakehouse_bsg_dag.py
[2026-02-19T00:08:08.653+0000] {processor.py:830} INFO - Processing file /opt/airflow/dags/lakehouse_bsg_dag.py for tasks to queue
[2026-02-19T00:08:08.654+0000] {logging_mixin.py:188} INFO - [2026-02-19T00:08:08.654+0000] {dagbag.py:545} INFO - Filling up the DagBag from /opt/airflow/dags/lakehouse_bsg_dag.py
[2026-02-19T00:08:08.669+0000] {processor.py:840} INFO - DAG(s) 'lakehouse_bronze_silver_gold' retrieved from /opt/airflow/dags/lakehouse_bsg_dag.py
[2026-02-19T00:08:08.692+0000] {logging_mixin.py:188} INFO - [2026-02-19T00:08:08.692+0000] {dag.py:3089} INFO - Sync 1 DAGs
[2026-02-19T00:08:08.702+0000] {logging_mixin.py:188} INFO - [2026-02-19T00:08:08.702+0000] {dag.py:3947} INFO - Setting next_dagrun for lakehouse_bronze_silver_gold to None, run_after=None
[2026-02-19T00:08:08.717+0000] {processor.py:183} INFO - Processing /opt/airflow/dags/lakehouse_bsg_dag.py took 0.070 seconds
[2026-02-19T00:08:42.259+0000] {processor.py:161} INFO - Started process (PID=4309) to work on /opt/airflow/dags/lakehouse_bsg_dag.py
[2026-02-19T00:08:42.260+0000] {processor.py:830} INFO - Processing file /opt/airflow/dags/lakehouse_bsg_dag.py for tasks to queue
[2026-02-19T00:08:42.262+0000] {logging_mixin.py:188} INFO - [2026-02-19T00:08:42.261+0000] {dagbag.py:545} INFO - Filling up the DagBag from /opt/airflow/dags/lakehouse_bsg_dag.py
[2026-02-19T00:08:42.275+0000] {processor.py:840} INFO - DAG(s) 'lakehouse_bronze_silver_gold' retrieved from /opt/airflow/dags/lakehouse_bsg_dag.py
[2026-02-19T00:08:42.297+0000] {logging_mixin.py:188} INFO - [2026-02-19T00:08:42.297+0000] {dag.py:3089} INFO - Sync 1 DAGs
[2026-02-19T00:08:42.307+0000] {logging_mixin.py:188} INFO - [2026-02-19T00:08:42.306+0000] {dag.py:3947} INFO - Setting next_dagrun for lakehouse_bronze_silver_gold to None, run_after=None
[2026-02-19T00:08:42.322+0000] {processor.py:183} INFO - Processing /opt/airflow/dags/lakehouse_bsg_dag.py took 0.068 seconds
[2026-02-19T00:09:15.806+0000] {processor.py:161} INFO - Started process (PID=4314) to work on /opt/airflow/dags/lakehouse_bsg_dag.py
[2026-02-19T00:09:15.806+0000] {processor.py:830} INFO - Processing file /opt/airflow/dags/lakehouse_bsg_dag.py for tasks to queue
[2026-02-19T00:09:15.808+0000] {logging_mixin.py:188} INFO - [2026-02-19T00:09:15.808+0000] {dagbag.py:545} INFO - Filling up the DagBag from /opt/airflow/dags/lakehouse_bsg_dag.py
[2026-02-19T00:09:15.821+0000] {processor.py:840} INFO - DAG(s) 'lakehouse_bronze_silver_gold' retrieved from /opt/airflow/dags/lakehouse_bsg_dag.py
[2026-02-19T00:09:15.843+0000] {logging_mixin.py:188} INFO - [2026-02-19T00:09:15.843+0000] {dag.py:3089} INFO - Sync 1 DAGs
[2026-02-19T00:09:15.853+0000] {logging_mixin.py:188} INFO - [2026-02-19T00:09:15.853+0000] {dag.py:3947} INFO - Setting next_dagrun for lakehouse_bronze_silver_gold to None, run_after=None
[2026-02-19T00:09:15.867+0000] {processor.py:183} INFO - Processing /opt/airflow/dags/lakehouse_bsg_dag.py took 0.066 seconds
[2026-02-19T00:09:49.321+0000] {processor.py:161} INFO - Started process (PID=4319) to work on /opt/airflow/dags/lakehouse_bsg_dag.py
[2026-02-19T00:09:49.322+0000] {processor.py:830} INFO - Processing file /opt/airflow/dags/lakehouse_bsg_dag.py for tasks to queue
[2026-02-19T00:09:49.324+0000] {logging_mixin.py:188} INFO - [2026-02-19T00:09:49.324+0000] {dagbag.py:545} INFO - Filling up the DagBag from /opt/airflow/dags/lakehouse_bsg_dag.py
[2026-02-19T00:09:49.337+0000] {processor.py:840} INFO - DAG(s) 'lakehouse_bronze_silver_gold' retrieved from /opt/airflow/dags/lakehouse_bsg_dag.py
[2026-02-19T00:09:49.361+0000] {logging_mixin.py:188} INFO - [2026-02-19T00:09:49.361+0000] {dag.py:3089} INFO - Sync 1 DAGs
[2026-02-19T00:09:49.370+0000] {logging_mixin.py:188} INFO - [2026-02-19T00:09:49.370+0000] {dag.py:3947} INFO - Setting next_dagrun for lakehouse_bronze_silver_gold to None, run_after=None
[2026-02-19T00:09:49.386+0000] {processor.py:183} INFO - Processing /opt/airflow/dags/lakehouse_bsg_dag.py took 0.069 seconds
[2026-02-19T00:10:21.851+0000] {processor.py:161} INFO - Started process (PID=4324) to work on /opt/airflow/dags/lakehouse_bsg_dag.py
[2026-02-19T00:10:21.852+0000] {processor.py:830} INFO - Processing file /opt/airflow/dags/lakehouse_bsg_dag.py for tasks to queue
[2026-02-19T00:10:21.854+0000] {logging_mixin.py:188} INFO - [2026-02-19T00:10:21.854+0000] {dagbag.py:545} INFO - Filling up the DagBag from /opt/airflow/dags/lakehouse_bsg_dag.py
[2026-02-19T00:10:21.872+0000] {processor.py:840} INFO - DAG(s) 'lakehouse_bronze_silver_gold' retrieved from /opt/airflow/dags/lakehouse_bsg_dag.py
[2026-02-19T00:10:21.897+0000] {logging_mixin.py:188} INFO - [2026-02-19T00:10:21.897+0000] {dag.py:3089} INFO - Sync 1 DAGs
[2026-02-19T00:10:21.911+0000] {logging_mixin.py:188} INFO - [2026-02-19T00:10:21.910+0000] {dag.py:3947} INFO - Setting next_dagrun for lakehouse_bronze_silver_gold to None, run_after=None
[2026-02-19T00:10:21.927+0000] {processor.py:183} INFO - Processing /opt/airflow/dags/lakehouse_bsg_dag.py took 0.081 seconds
[2026-02-19T00:10:55.358+0000] {processor.py:161} INFO - Started process (PID=4329) to work on /opt/airflow/dags/lakehouse_bsg_dag.py
[2026-02-19T00:10:55.359+0000] {processor.py:830} INFO - Processing file /opt/airflow/dags/lakehouse_bsg_dag.py for tasks to queue
[2026-02-19T00:10:55.361+0000] {logging_mixin.py:188} INFO - [2026-02-19T00:10:55.361+0000] {dagbag.py:545} INFO - Filling up the DagBag from /opt/airflow/dags/lakehouse_bsg_dag.py
[2026-02-19T00:10:55.375+0000] {processor.py:840} INFO - DAG(s) 'lakehouse_bronze_silver_gold' retrieved from /opt/airflow/dags/lakehouse_bsg_dag.py
[2026-02-19T00:10:55.401+0000] {logging_mixin.py:188} INFO - [2026-02-19T00:10:55.401+0000] {dag.py:3089} INFO - Sync 1 DAGs
[2026-02-19T00:10:55.410+0000] {logging_mixin.py:188} INFO - [2026-02-19T00:10:55.410+0000] {dag.py:3947} INFO - Setting next_dagrun for lakehouse_bronze_silver_gold to None, run_after=None
[2026-02-19T00:10:55.425+0000] {processor.py:183} INFO - Processing /opt/airflow/dags/lakehouse_bsg_dag.py took 0.072 seconds
[2026-02-19T00:11:28.943+0000] {processor.py:161} INFO - Started process (PID=4334) to work on /opt/airflow/dags/lakehouse_bsg_dag.py
[2026-02-19T00:11:28.947+0000] {processor.py:830} INFO - Processing file /opt/airflow/dags/lakehouse_bsg_dag.py for tasks to queue
[2026-02-19T00:11:28.954+0000] {logging_mixin.py:188} INFO - [2026-02-19T00:11:28.952+0000] {dagbag.py:545} INFO - Filling up the DagBag from /opt/airflow/dags/lakehouse_bsg_dag.py
[2026-02-19T00:11:28.999+0000] {processor.py:840} INFO - DAG(s) 'lakehouse_bronze_silver_gold' retrieved from /opt/airflow/dags/lakehouse_bsg_dag.py
[2026-02-19T00:11:29.065+0000] {logging_mixin.py:188} INFO - [2026-02-19T00:11:29.065+0000] {dag.py:3089} INFO - Sync 1 DAGs
[2026-02-19T00:11:29.088+0000] {logging_mixin.py:188} INFO - [2026-02-19T00:11:29.088+0000] {dag.py:3947} INFO - Setting next_dagrun for lakehouse_bronze_silver_gold to None, run_after=None
[2026-02-19T00:11:29.107+0000] {processor.py:183} INFO - Processing /opt/airflow/dags/lakehouse_bsg_dag.py took 0.182 seconds
[2026-02-19T00:12:02.667+0000] {processor.py:161} INFO - Started process (PID=4339) to work on /opt/airflow/dags/lakehouse_bsg_dag.py
[2026-02-19T00:12:04.518+0000] {processor.py:830} INFO - Processing file /opt/airflow/dags/lakehouse_bsg_dag.py for tasks to queue
[2026-02-19T00:12:04.611+0000] {logging_mixin.py:188} INFO - [2026-02-19T00:12:04.581+0000] {dagbag.py:545} INFO - Filling up the DagBag from /opt/airflow/dags/lakehouse_bsg_dag.py
[2026-02-19T00:12:05.003+0000] {processor.py:840} INFO - DAG(s) 'lakehouse_bronze_silver_gold' retrieved from /opt/airflow/dags/lakehouse_bsg_dag.py
[2026-02-19T00:12:05.512+0000] {logging_mixin.py:188} INFO - [2026-02-19T00:12:05.511+0000] {dag.py:3089} INFO - Sync 1 DAGs
[2026-02-19T00:12:05.663+0000] {logging_mixin.py:188} INFO - [2026-02-19T00:12:05.663+0000] {dag.py:3947} INFO - Setting next_dagrun for lakehouse_bronze_silver_gold to None, run_after=None
[2026-02-19T00:12:05.789+0000] {processor.py:183} INFO - Processing /opt/airflow/dags/lakehouse_bsg_dag.py took 3.194 seconds
[2026-02-19T00:12:36.383+0000] {processor.py:161} INFO - Started process (PID=4344) to work on /opt/airflow/dags/lakehouse_bsg_dag.py
[2026-02-19T00:12:36.394+0000] {processor.py:830} INFO - Processing file /opt/airflow/dags/lakehouse_bsg_dag.py for tasks to queue
[2026-02-19T00:12:36.445+0000] {logging_mixin.py:188} INFO - [2026-02-19T00:12:36.440+0000] {dagbag.py:545} INFO - Filling up the DagBag from /opt/airflow/dags/lakehouse_bsg_dag.py
[2026-02-19T00:12:36.602+0000] {processor.py:840} INFO - DAG(s) 'lakehouse_bronze_silver_gold' retrieved from /opt/airflow/dags/lakehouse_bsg_dag.py
[2026-02-19T00:12:36.862+0000] {logging_mixin.py:188} INFO - [2026-02-19T00:12:36.862+0000] {dag.py:3089} INFO - Sync 1 DAGs
[2026-02-19T00:12:36.924+0000] {logging_mixin.py:188} INFO - [2026-02-19T00:12:36.924+0000] {dag.py:3947} INFO - Setting next_dagrun for lakehouse_bronze_silver_gold to None, run_after=None
[2026-02-19T00:12:36.978+0000] {processor.py:183} INFO - Processing /opt/airflow/dags/lakehouse_bsg_dag.py took 0.671 seconds
[2026-02-19T00:13:08.792+0000] {processor.py:161} INFO - Started process (PID=4349) to work on /opt/airflow/dags/lakehouse_bsg_dag.py
[2026-02-19T00:13:08.858+0000] {processor.py:830} INFO - Processing file /opt/airflow/dags/lakehouse_bsg_dag.py for tasks to queue
[2026-02-19T00:13:08.861+0000] {logging_mixin.py:188} INFO - [2026-02-19T00:13:08.861+0000] {dagbag.py:545} INFO - Filling up the DagBag from /opt/airflow/dags/lakehouse_bsg_dag.py
[2026-02-19T00:13:08.880+0000] {processor.py:840} INFO - DAG(s) 'lakehouse_bronze_silver_gold' retrieved from /opt/airflow/dags/lakehouse_bsg_dag.py
[2026-02-19T00:13:08.906+0000] {logging_mixin.py:188} INFO - [2026-02-19T00:13:08.906+0000] {dag.py:3089} INFO - Sync 1 DAGs
[2026-02-19T00:13:08.916+0000] {logging_mixin.py:188} INFO - [2026-02-19T00:13:08.916+0000] {dag.py:3947} INFO - Setting next_dagrun for lakehouse_bronze_silver_gold to None, run_after=None
[2026-02-19T00:13:08.931+0000] {processor.py:183} INFO - Processing /opt/airflow/dags/lakehouse_bsg_dag.py took 0.144 seconds
[2026-02-19T00:13:42.285+0000] {processor.py:161} INFO - Started process (PID=4354) to work on /opt/airflow/dags/lakehouse_bsg_dag.py
[2026-02-19T00:13:42.289+0000] {processor.py:830} INFO - Processing file /opt/airflow/dags/lakehouse_bsg_dag.py for tasks to queue
[2026-02-19T00:13:42.297+0000] {logging_mixin.py:188} INFO - [2026-02-19T00:13:42.296+0000] {dagbag.py:545} INFO - Filling up the DagBag from /opt/airflow/dags/lakehouse_bsg_dag.py
[2026-02-19T00:13:42.331+0000] {processor.py:840} INFO - DAG(s) 'lakehouse_bronze_silver_gold' retrieved from /opt/airflow/dags/lakehouse_bsg_dag.py
[2026-02-19T00:13:42.403+0000] {logging_mixin.py:188} INFO - [2026-02-19T00:13:42.402+0000] {dag.py:3089} INFO - Sync 1 DAGs
[2026-02-19T00:13:42.425+0000] {logging_mixin.py:188} INFO - [2026-02-19T00:13:42.425+0000] {dag.py:3947} INFO - Setting next_dagrun for lakehouse_bronze_silver_gold to None, run_after=None
[2026-02-19T00:13:42.448+0000] {processor.py:183} INFO - Processing /opt/airflow/dags/lakehouse_bsg_dag.py took 0.184 seconds
[2026-02-19T00:14:15.918+0000] {processor.py:161} INFO - Started process (PID=4359) to work on /opt/airflow/dags/lakehouse_bsg_dag.py
[2026-02-19T00:14:15.920+0000] {processor.py:830} INFO - Processing file /opt/airflow/dags/lakehouse_bsg_dag.py for tasks to queue
[2026-02-19T00:14:15.921+0000] {logging_mixin.py:188} INFO - [2026-02-19T00:14:15.921+0000] {dagbag.py:545} INFO - Filling up the DagBag from /opt/airflow/dags/lakehouse_bsg_dag.py
[2026-02-19T00:14:15.938+0000] {processor.py:840} INFO - DAG(s) 'lakehouse_bronze_silver_gold' retrieved from /opt/airflow/dags/lakehouse_bsg_dag.py
[2026-02-19T00:14:15.986+0000] {logging_mixin.py:188} INFO - [2026-02-19T00:14:15.985+0000] {dag.py:3089} INFO - Sync 1 DAGs
[2026-02-19T00:14:16.022+0000] {logging_mixin.py:188} INFO - [2026-02-19T00:14:16.021+0000] {dag.py:3947} INFO - Setting next_dagrun for lakehouse_bronze_silver_gold to None, run_after=None
[2026-02-19T00:14:16.042+0000] {processor.py:183} INFO - Processing /opt/airflow/dags/lakehouse_bsg_dag.py took 0.129 seconds
[2026-02-19T00:14:49.402+0000] {processor.py:161} INFO - Started process (PID=4364) to work on /opt/airflow/dags/lakehouse_bsg_dag.py
[2026-02-19T00:14:49.403+0000] {processor.py:830} INFO - Processing file /opt/airflow/dags/lakehouse_bsg_dag.py for tasks to queue
[2026-02-19T00:14:49.405+0000] {logging_mixin.py:188} INFO - [2026-02-19T00:14:49.405+0000] {dagbag.py:545} INFO - Filling up the DagBag from /opt/airflow/dags/lakehouse_bsg_dag.py
[2026-02-19T00:14:49.424+0000] {processor.py:840} INFO - DAG(s) 'lakehouse_bronze_silver_gold' retrieved from /opt/airflow/dags/lakehouse_bsg_dag.py
[2026-02-19T00:14:49.460+0000] {logging_mixin.py:188} INFO - [2026-02-19T00:14:49.459+0000] {dag.py:3089} INFO - Sync 1 DAGs
[2026-02-19T00:14:49.469+0000] {logging_mixin.py:188} INFO - [2026-02-19T00:14:49.469+0000] {dag.py:3947} INFO - Setting next_dagrun for lakehouse_bronze_silver_gold to None, run_after=None
[2026-02-19T00:14:49.484+0000] {processor.py:183} INFO - Processing /opt/airflow/dags/lakehouse_bsg_dag.py took 0.087 seconds
[2026-02-19T00:15:22.876+0000] {processor.py:161} INFO - Started process (PID=4369) to work on /opt/airflow/dags/lakehouse_bsg_dag.py
[2026-02-19T00:15:22.877+0000] {processor.py:830} INFO - Processing file /opt/airflow/dags/lakehouse_bsg_dag.py for tasks to queue
[2026-02-19T00:15:22.878+0000] {logging_mixin.py:188} INFO - [2026-02-19T00:15:22.878+0000] {dagbag.py:545} INFO - Filling up the DagBag from /opt/airflow/dags/lakehouse_bsg_dag.py
[2026-02-19T00:15:22.892+0000] {processor.py:840} INFO - DAG(s) 'lakehouse_bronze_silver_gold' retrieved from /opt/airflow/dags/lakehouse_bsg_dag.py
[2026-02-19T00:15:22.914+0000] {logging_mixin.py:188} INFO - [2026-02-19T00:15:22.914+0000] {dag.py:3089} INFO - Sync 1 DAGs
[2026-02-19T00:15:22.924+0000] {logging_mixin.py:188} INFO - [2026-02-19T00:15:22.923+0000] {dag.py:3947} INFO - Setting next_dagrun for lakehouse_bronze_silver_gold to None, run_after=None
[2026-02-19T00:15:22.939+0000] {processor.py:183} INFO - Processing /opt/airflow/dags/lakehouse_bsg_dag.py took 0.067 seconds
[2026-02-19T00:15:53.747+0000] {processor.py:161} INFO - Started process (PID=4374) to work on /opt/airflow/dags/lakehouse_bsg_dag.py
[2026-02-19T00:15:53.749+0000] {processor.py:830} INFO - Processing file /opt/airflow/dags/lakehouse_bsg_dag.py for tasks to queue
[2026-02-19T00:15:53.750+0000] {logging_mixin.py:188} INFO - [2026-02-19T00:15:53.750+0000] {dagbag.py:545} INFO - Filling up the DagBag from /opt/airflow/dags/lakehouse_bsg_dag.py
[2026-02-19T00:15:53.769+0000] {processor.py:840} INFO - DAG(s) 'lakehouse_bronze_silver_gold' retrieved from /opt/airflow/dags/lakehouse_bsg_dag.py
[2026-02-19T00:15:53.797+0000] {logging_mixin.py:188} INFO - [2026-02-19T00:15:53.797+0000] {dag.py:3089} INFO - Sync 1 DAGs
[2026-02-19T00:15:53.813+0000] {logging_mixin.py:188} INFO - [2026-02-19T00:15:53.813+0000] {dag.py:3947} INFO - Setting next_dagrun for lakehouse_bronze_silver_gold to None, run_after=None
[2026-02-19T00:15:53.830+0000] {processor.py:183} INFO - Processing /opt/airflow/dags/lakehouse_bsg_dag.py took 0.087 seconds
[2026-02-19T00:16:24.272+0000] {processor.py:161} INFO - Started process (PID=4379) to work on /opt/airflow/dags/lakehouse_bsg_dag.py
[2026-02-19T00:16:24.274+0000] {processor.py:830} INFO - Processing file /opt/airflow/dags/lakehouse_bsg_dag.py for tasks to queue
[2026-02-19T00:16:24.275+0000] {logging_mixin.py:188} INFO - [2026-02-19T00:16:24.275+0000] {dagbag.py:545} INFO - Filling up the DagBag from /opt/airflow/dags/lakehouse_bsg_dag.py
[2026-02-19T00:16:24.291+0000] {processor.py:840} INFO - DAG(s) 'lakehouse_bronze_silver_gold' retrieved from /opt/airflow/dags/lakehouse_bsg_dag.py
[2026-02-19T00:16:24.317+0000] {logging_mixin.py:188} INFO - [2026-02-19T00:16:24.317+0000] {dag.py:3089} INFO - Sync 1 DAGs
[2026-02-19T00:16:24.329+0000] {logging_mixin.py:188} INFO - [2026-02-19T00:16:24.329+0000] {dag.py:3947} INFO - Setting next_dagrun for lakehouse_bronze_silver_gold to None, run_after=None
[2026-02-19T00:16:24.346+0000] {processor.py:183} INFO - Processing /opt/airflow/dags/lakehouse_bsg_dag.py took 0.078 seconds
[2026-02-19T00:16:55.178+0000] {processor.py:161} INFO - Started process (PID=4384) to work on /opt/airflow/dags/lakehouse_bsg_dag.py
[2026-02-19T00:16:55.178+0000] {processor.py:830} INFO - Processing file /opt/airflow/dags/lakehouse_bsg_dag.py for tasks to queue
[2026-02-19T00:16:55.180+0000] {logging_mixin.py:188} INFO - [2026-02-19T00:16:55.180+0000] {dagbag.py:545} INFO - Filling up the DagBag from /opt/airflow/dags/lakehouse_bsg_dag.py
[2026-02-19T00:16:55.194+0000] {processor.py:840} INFO - DAG(s) 'lakehouse_bronze_silver_gold' retrieved from /opt/airflow/dags/lakehouse_bsg_dag.py
[2026-02-19T00:16:55.217+0000] {logging_mixin.py:188} INFO - [2026-02-19T00:16:55.217+0000] {dag.py:3089} INFO - Sync 1 DAGs
[2026-02-19T00:16:55.226+0000] {logging_mixin.py:188} INFO - [2026-02-19T00:16:55.226+0000] {dag.py:3947} INFO - Setting next_dagrun for lakehouse_bronze_silver_gold to None, run_after=None
[2026-02-19T00:16:55.241+0000] {processor.py:183} INFO - Processing /opt/airflow/dags/lakehouse_bsg_dag.py took 0.067 seconds
[2026-02-19T00:17:25.691+0000] {processor.py:161} INFO - Started process (PID=4389) to work on /opt/airflow/dags/lakehouse_bsg_dag.py
[2026-02-19T00:17:25.691+0000] {processor.py:830} INFO - Processing file /opt/airflow/dags/lakehouse_bsg_dag.py for tasks to queue
[2026-02-19T00:17:25.693+0000] {logging_mixin.py:188} INFO - [2026-02-19T00:17:25.693+0000] {dagbag.py:545} INFO - Filling up the DagBag from /opt/airflow/dags/lakehouse_bsg_dag.py
[2026-02-19T00:17:25.707+0000] {processor.py:840} INFO - DAG(s) 'lakehouse_bronze_silver_gold' retrieved from /opt/airflow/dags/lakehouse_bsg_dag.py
[2026-02-19T00:17:25.731+0000] {logging_mixin.py:188} INFO - [2026-02-19T00:17:25.730+0000] {dag.py:3089} INFO - Sync 1 DAGs
[2026-02-19T00:17:25.740+0000] {logging_mixin.py:188} INFO - [2026-02-19T00:17:25.740+0000] {dag.py:3947} INFO - Setting next_dagrun for lakehouse_bronze_silver_gold to None, run_after=None
[2026-02-19T00:17:25.754+0000] {processor.py:183} INFO - Processing /opt/airflow/dags/lakehouse_bsg_dag.py took 0.067 seconds
[2026-02-19T00:17:56.229+0000] {processor.py:161} INFO - Started process (PID=4394) to work on /opt/airflow/dags/lakehouse_bsg_dag.py
[2026-02-19T00:17:56.230+0000] {processor.py:830} INFO - Processing file /opt/airflow/dags/lakehouse_bsg_dag.py for tasks to queue
[2026-02-19T00:17:56.232+0000] {logging_mixin.py:188} INFO - [2026-02-19T00:17:56.232+0000] {dagbag.py:545} INFO - Filling up the DagBag from /opt/airflow/dags/lakehouse_bsg_dag.py
[2026-02-19T00:17:56.248+0000] {processor.py:840} INFO - DAG(s) 'lakehouse_bronze_silver_gold' retrieved from /opt/airflow/dags/lakehouse_bsg_dag.py
[2026-02-19T00:17:56.273+0000] {logging_mixin.py:188} INFO - [2026-02-19T00:17:56.272+0000] {dag.py:3089} INFO - Sync 1 DAGs
[2026-02-19T00:17:56.282+0000] {logging_mixin.py:188} INFO - [2026-02-19T00:17:56.282+0000] {dag.py:3947} INFO - Setting next_dagrun for lakehouse_bronze_silver_gold to None, run_after=None
[2026-02-19T00:17:56.297+0000] {processor.py:183} INFO - Processing /opt/airflow/dags/lakehouse_bsg_dag.py took 0.072 seconds
[2026-02-19T00:18:26.709+0000] {processor.py:161} INFO - Started process (PID=4399) to work on /opt/airflow/dags/lakehouse_bsg_dag.py
[2026-02-19T00:18:26.710+0000] {processor.py:830} INFO - Processing file /opt/airflow/dags/lakehouse_bsg_dag.py for tasks to queue
[2026-02-19T00:18:26.711+0000] {logging_mixin.py:188} INFO - [2026-02-19T00:18:26.711+0000] {dagbag.py:545} INFO - Filling up the DagBag from /opt/airflow/dags/lakehouse_bsg_dag.py
[2026-02-19T00:18:26.727+0000] {processor.py:840} INFO - DAG(s) 'lakehouse_bronze_silver_gold' retrieved from /opt/airflow/dags/lakehouse_bsg_dag.py
[2026-02-19T00:18:26.757+0000] {logging_mixin.py:188} INFO - [2026-02-19T00:18:26.756+0000] {dag.py:3089} INFO - Sync 1 DAGs
[2026-02-19T00:18:26.766+0000] {logging_mixin.py:188} INFO - [2026-02-19T00:18:26.766+0000] {dag.py:3947} INFO - Setting next_dagrun for lakehouse_bronze_silver_gold to None, run_after=None
[2026-02-19T00:18:26.781+0000] {processor.py:183} INFO - Processing /opt/airflow/dags/lakehouse_bsg_dag.py took 0.076 seconds
[2026-02-19T00:18:57.229+0000] {processor.py:161} INFO - Started process (PID=4404) to work on /opt/airflow/dags/lakehouse_bsg_dag.py
[2026-02-19T00:18:57.230+0000] {processor.py:830} INFO - Processing file /opt/airflow/dags/lakehouse_bsg_dag.py for tasks to queue
[2026-02-19T00:18:57.231+0000] {logging_mixin.py:188} INFO - [2026-02-19T00:18:57.231+0000] {dagbag.py:545} INFO - Filling up the DagBag from /opt/airflow/dags/lakehouse_bsg_dag.py
[2026-02-19T00:18:57.248+0000] {processor.py:840} INFO - DAG(s) 'lakehouse_bronze_silver_gold' retrieved from /opt/airflow/dags/lakehouse_bsg_dag.py
[2026-02-19T00:18:57.276+0000] {logging_mixin.py:188} INFO - [2026-02-19T00:18:57.276+0000] {dag.py:3089} INFO - Sync 1 DAGs
[2026-02-19T00:18:57.288+0000] {logging_mixin.py:188} INFO - [2026-02-19T00:18:57.288+0000] {dag.py:3947} INFO - Setting next_dagrun for lakehouse_bronze_silver_gold to None, run_after=None
[2026-02-19T00:18:57.304+0000] {processor.py:183} INFO - Processing /opt/airflow/dags/lakehouse_bsg_dag.py took 0.079 seconds
[2026-02-19T00:19:28.472+0000] {processor.py:161} INFO - Started process (PID=4409) to work on /opt/airflow/dags/lakehouse_bsg_dag.py
[2026-02-19T00:19:28.477+0000] {processor.py:830} INFO - Processing file /opt/airflow/dags/lakehouse_bsg_dag.py for tasks to queue
[2026-02-19T00:19:28.541+0000] {logging_mixin.py:188} INFO - [2026-02-19T00:19:28.522+0000] {dagbag.py:545} INFO - Filling up the DagBag from /opt/airflow/dags/lakehouse_bsg_dag.py
[2026-02-19T00:19:29.181+0000] {processor.py:840} INFO - DAG(s) 'lakehouse_bronze_silver_gold' retrieved from /opt/airflow/dags/lakehouse_bsg_dag.py
[2026-02-19T00:19:29.983+0000] {logging_mixin.py:188} INFO - [2026-02-19T00:19:29.982+0000] {dag.py:3089} INFO - Sync 1 DAGs
[2026-02-19T00:19:30.159+0000] {logging_mixin.py:188} INFO - [2026-02-19T00:19:30.158+0000] {dag.py:3947} INFO - Setting next_dagrun for lakehouse_bronze_silver_gold to None, run_after=None
[2026-02-19T00:19:30.315+0000] {processor.py:183} INFO - Processing /opt/airflow/dags/lakehouse_bsg_dag.py took 2.024 seconds
[2026-02-19T00:20:00.871+0000] {processor.py:161} INFO - Started process (PID=4414) to work on /opt/airflow/dags/lakehouse_bsg_dag.py
[2026-02-19T00:20:00.875+0000] {processor.py:830} INFO - Processing file /opt/airflow/dags/lakehouse_bsg_dag.py for tasks to queue
[2026-02-19T00:20:00.920+0000] {logging_mixin.py:188} INFO - [2026-02-19T00:20:00.910+0000] {dagbag.py:545} INFO - Filling up the DagBag from /opt/airflow/dags/lakehouse_bsg_dag.py
[2026-02-19T00:20:01.146+0000] {processor.py:840} INFO - DAG(s) 'lakehouse_bronze_silver_gold' retrieved from /opt/airflow/dags/lakehouse_bsg_dag.py
[2026-02-19T00:20:01.486+0000] {logging_mixin.py:188} INFO - [2026-02-19T00:20:01.486+0000] {dag.py:3089} INFO - Sync 1 DAGs
[2026-02-19T00:20:01.610+0000] {logging_mixin.py:188} INFO - [2026-02-19T00:20:01.610+0000] {dag.py:3947} INFO - Setting next_dagrun for lakehouse_bronze_silver_gold to None, run_after=None
[2026-02-19T00:20:01.692+0000] {processor.py:183} INFO - Processing /opt/airflow/dags/lakehouse_bsg_dag.py took 0.922 seconds
[2026-02-19T00:20:32.172+0000] {processor.py:161} INFO - Started process (PID=4419) to work on /opt/airflow/dags/lakehouse_bsg_dag.py
[2026-02-19T00:20:32.174+0000] {processor.py:830} INFO - Processing file /opt/airflow/dags/lakehouse_bsg_dag.py for tasks to queue
[2026-02-19T00:20:32.177+0000] {logging_mixin.py:188} INFO - [2026-02-19T00:20:32.177+0000] {dagbag.py:545} INFO - Filling up the DagBag from /opt/airflow/dags/lakehouse_bsg_dag.py
[2026-02-19T00:20:32.200+0000] {processor.py:840} INFO - DAG(s) 'lakehouse_bronze_silver_gold' retrieved from /opt/airflow/dags/lakehouse_bsg_dag.py
[2026-02-19T00:20:32.228+0000] {logging_mixin.py:188} INFO - [2026-02-19T00:20:32.228+0000] {dag.py:3089} INFO - Sync 1 DAGs
[2026-02-19T00:20:32.239+0000] {logging_mixin.py:188} INFO - [2026-02-19T00:20:32.239+0000] {dag.py:3947} INFO - Setting next_dagrun for lakehouse_bronze_silver_gold to None, run_after=None
[2026-02-19T00:20:32.257+0000] {processor.py:183} INFO - Processing /opt/airflow/dags/lakehouse_bsg_dag.py took 0.093 seconds
[2026-02-19T00:21:02.726+0000] {processor.py:161} INFO - Started process (PID=4424) to work on /opt/airflow/dags/lakehouse_bsg_dag.py
[2026-02-19T00:21:02.727+0000] {processor.py:830} INFO - Processing file /opt/airflow/dags/lakehouse_bsg_dag.py for tasks to queue
[2026-02-19T00:21:02.729+0000] {logging_mixin.py:188} INFO - [2026-02-19T00:21:02.729+0000] {dagbag.py:545} INFO - Filling up the DagBag from /opt/airflow/dags/lakehouse_bsg_dag.py
[2026-02-19T00:21:02.750+0000] {processor.py:840} INFO - DAG(s) 'lakehouse_bronze_silver_gold' retrieved from /opt/airflow/dags/lakehouse_bsg_dag.py
[2026-02-19T00:21:02.775+0000] {logging_mixin.py:188} INFO - [2026-02-19T00:21:02.775+0000] {dag.py:3089} INFO - Sync 1 DAGs
[2026-02-19T00:21:02.785+0000] {logging_mixin.py:188} INFO - [2026-02-19T00:21:02.785+0000] {dag.py:3947} INFO - Setting next_dagrun for lakehouse_bronze_silver_gold to None, run_after=None
[2026-02-19T00:21:02.798+0000] {processor.py:183} INFO - Processing /opt/airflow/dags/lakehouse_bsg_dag.py took 0.076 seconds
[2026-02-19T00:21:33.201+0000] {processor.py:161} INFO - Started process (PID=4429) to work on /opt/airflow/dags/lakehouse_bsg_dag.py
[2026-02-19T00:21:33.203+0000] {processor.py:830} INFO - Processing file /opt/airflow/dags/lakehouse_bsg_dag.py for tasks to queue
[2026-02-19T00:21:33.205+0000] {logging_mixin.py:188} INFO - [2026-02-19T00:21:33.205+0000] {dagbag.py:545} INFO - Filling up the DagBag from /opt/airflow/dags/lakehouse_bsg_dag.py
[2026-02-19T00:21:33.226+0000] {processor.py:840} INFO - DAG(s) 'lakehouse_bronze_silver_gold' retrieved from /opt/airflow/dags/lakehouse_bsg_dag.py
[2026-02-19T00:21:33.254+0000] {logging_mixin.py:188} INFO - [2026-02-19T00:21:33.254+0000] {dag.py:3089} INFO - Sync 1 DAGs
[2026-02-19T00:21:33.263+0000] {logging_mixin.py:188} INFO - [2026-02-19T00:21:33.263+0000] {dag.py:3947} INFO - Setting next_dagrun for lakehouse_bronze_silver_gold to None, run_after=None
[2026-02-19T00:21:33.278+0000] {processor.py:183} INFO - Processing /opt/airflow/dags/lakehouse_bsg_dag.py took 0.082 seconds
[2026-02-19T00:22:03.766+0000] {processor.py:161} INFO - Started process (PID=4434) to work on /opt/airflow/dags/lakehouse_bsg_dag.py
[2026-02-19T00:22:03.768+0000] {processor.py:830} INFO - Processing file /opt/airflow/dags/lakehouse_bsg_dag.py for tasks to queue
[2026-02-19T00:22:03.769+0000] {logging_mixin.py:188} INFO - [2026-02-19T00:22:03.769+0000] {dagbag.py:545} INFO - Filling up the DagBag from /opt/airflow/dags/lakehouse_bsg_dag.py
[2026-02-19T00:22:03.786+0000] {processor.py:840} INFO - DAG(s) 'lakehouse_bronze_silver_gold' retrieved from /opt/airflow/dags/lakehouse_bsg_dag.py
[2026-02-19T00:22:03.811+0000] {logging_mixin.py:188} INFO - [2026-02-19T00:22:03.811+0000] {dag.py:3089} INFO - Sync 1 DAGs
[2026-02-19T00:22:03.820+0000] {logging_mixin.py:188} INFO - [2026-02-19T00:22:03.820+0000] {dag.py:3947} INFO - Setting next_dagrun for lakehouse_bronze_silver_gold to None, run_after=None
[2026-02-19T00:22:03.835+0000] {processor.py:183} INFO - Processing /opt/airflow/dags/lakehouse_bsg_dag.py took 0.073 seconds
[2026-02-19T00:22:36.260+0000] {processor.py:161} INFO - Started process (PID=4439) to work on /opt/airflow/dags/lakehouse_bsg_dag.py
[2026-02-19T00:22:36.261+0000] {processor.py:830} INFO - Processing file /opt/airflow/dags/lakehouse_bsg_dag.py for tasks to queue
[2026-02-19T00:22:36.263+0000] {logging_mixin.py:188} INFO - [2026-02-19T00:22:36.263+0000] {dagbag.py:545} INFO - Filling up the DagBag from /opt/airflow/dags/lakehouse_bsg_dag.py
[2026-02-19T00:22:36.276+0000] {processor.py:840} INFO - DAG(s) 'lakehouse_bronze_silver_gold' retrieved from /opt/airflow/dags/lakehouse_bsg_dag.py
[2026-02-19T00:22:36.298+0000] {logging_mixin.py:188} INFO - [2026-02-19T00:22:36.298+0000] {dag.py:3089} INFO - Sync 1 DAGs
[2026-02-19T00:22:36.308+0000] {logging_mixin.py:188} INFO - [2026-02-19T00:22:36.307+0000] {dag.py:3947} INFO - Setting next_dagrun for lakehouse_bronze_silver_gold to None, run_after=None
[2026-02-19T00:22:36.321+0000] {processor.py:183} INFO - Processing /opt/airflow/dags/lakehouse_bsg_dag.py took 0.065 seconds
[2026-02-19T00:23:09.800+0000] {processor.py:161} INFO - Started process (PID=4444) to work on /opt/airflow/dags/lakehouse_bsg_dag.py
[2026-02-19T00:23:09.801+0000] {processor.py:830} INFO - Processing file /opt/airflow/dags/lakehouse_bsg_dag.py for tasks to queue
[2026-02-19T00:23:09.803+0000] {logging_mixin.py:188} INFO - [2026-02-19T00:23:09.803+0000] {dagbag.py:545} INFO - Filling up the DagBag from /opt/airflow/dags/lakehouse_bsg_dag.py
[2026-02-19T00:23:09.822+0000] {processor.py:840} INFO - DAG(s) 'lakehouse_bronze_silver_gold' retrieved from /opt/airflow/dags/lakehouse_bsg_dag.py
[2026-02-19T00:23:09.849+0000] {logging_mixin.py:188} INFO - [2026-02-19T00:23:09.849+0000] {dag.py:3089} INFO - Sync 1 DAGs
[2026-02-19T00:23:09.859+0000] {logging_mixin.py:188} INFO - [2026-02-19T00:23:09.859+0000] {dag.py:3947} INFO - Setting next_dagrun for lakehouse_bronze_silver_gold to None, run_after=None
[2026-02-19T00:23:09.874+0000] {processor.py:183} INFO - Processing /opt/airflow/dags/lakehouse_bsg_dag.py took 0.078 seconds
